Archive member included because of file (symbol)

.\CortexM0\ARM_GCC_473\Debug\UART_Bootloader.a(cyfitter_cfg.o)
                              .\CortexM0\ARM_GCC_473\Debug\Cm0Start.o (cyfitter_cfg)
.\CortexM0\ARM_GCC_473\Debug\UART_Bootloader.a(UART.o)
                              .\CortexM0\ARM_GCC_473\Debug\UART_Btldr.o (UART_Start)
.\CortexM0\ARM_GCC_473\Debug\UART_Bootloader.a(UART_SPI_UART.o)
                              .\CortexM0\ARM_GCC_473\Debug\UART_Btldr.o (UART_SpiUartReadRxData)
.\CortexM0\ARM_GCC_473\Debug\UART_Bootloader.a(UART_UART.o)
                              .\CortexM0\ARM_GCC_473\Debug\UART_Bootloader.a(UART.o) (UART_UartInit)
.\CortexM0\ARM_GCC_473\Debug\UART_Bootloader.a(UART_SCB_IRQ.o)
                              .\CortexM0\ARM_GCC_473\Debug\UART_Bootloader.a(UART_UART.o) (UART_SCB_IRQ_SetVector)
.\CortexM0\ARM_GCC_473\Debug\UART_Bootloader.a(CyBootAsmGnu.o)
                              .\CortexM0\ARM_GCC_473\Debug\UART_Bootloader.a(cyfitter_cfg.o) (CyDelayCycles)
.\CortexM0\ARM_GCC_473\Debug\UART_Bootloader.a(CyLib.o)
                              .\CortexM0\ARM_GCC_473\Debug\main.o (CyDelay)
.\CortexM0\ARM_GCC_473\Debug\UART_Bootloader.a(Bootloader.o)
                              .\CortexM0\ARM_GCC_473\Debug\main.o (Bootloader_Start)
.\CortexM0\ARM_GCC_473\Debug\UART_Bootloader.a(PWM.o)
                              .\CortexM0\ARM_GCC_473\Debug\main.o (PWM_Start)
.\CortexM0\ARM_GCC_473\Debug\UART_Bootloader.a(Boot_P0_7.o)
                              .\CortexM0\ARM_GCC_473\Debug\main.o (Boot_P0_7_Read)
.\CortexM0\ARM_GCC_473\Debug\UART_Bootloader.a(UART_SPI_UART_INT.o)
                              .\CortexM0\ARM_GCC_473\Debug\UART_Bootloader.a(UART_UART.o) (UART_SPI_UART_ISR)
.\CortexM0\ARM_GCC_473\Debug\UART_Bootloader.a(CyFlash.o)
                              .\CortexM0\ARM_GCC_473\Debug\UART_Bootloader.a(Bootloader.o) (CySysFlashWriteRow)
c:/program files (x86)/cypress/psoc creator/3.0/psoc creator/import/gnu_cs/arm/4.7.3/bin/../lib/gcc/arm-none-eabi/4.7.3/armv6-m\libgcc.a(_thumb1_case_sqi.o)
                              .\CortexM0\ARM_GCC_473\Debug\UART_Bootloader.a(Bootloader.o) (__gnu_thumb1_case_sqi)
c:/program files (x86)/cypress/psoc creator/3.0/psoc creator/import/gnu_cs/arm/4.7.3/bin/../lib/gcc/arm-none-eabi/4.7.3/armv6-m\libgcc.a(_thumb1_case_uqi.o)
                              .\CortexM0\ARM_GCC_473\Debug\UART_Bootloader.a(Bootloader.o) (__gnu_thumb1_case_uqi)
c:/program files (x86)/cypress/psoc creator/3.0/psoc creator/import/gnu_cs/arm/4.7.3/bin/../lib/gcc/arm-none-eabi/4.7.3/armv6-m\libgcc.a(_udivsi3.o)
                              .\CortexM0\ARM_GCC_473\Debug\UART_Bootloader.a(CyLib.o) (__aeabi_uidiv)
c:/program files (x86)/cypress/psoc creator/3.0/psoc creator/import/gnu_cs/arm/4.7.3/bin/../lib/gcc/arm-none-eabi/4.7.3/armv6-m\libgcc.a(_dvmd_tls.o)
                              c:/program files (x86)/cypress/psoc creator/3.0/psoc creator/import/gnu_cs/arm/4.7.3/bin/../lib/gcc/arm-none-eabi/4.7.3/armv6-m\libgcc.a(_udivsi3.o) (__aeabi_idiv0)
c:/program files (x86)/cypress/psoc creator/3.0/psoc creator/import/gnu_cs/arm/4.7.3/bin/../lib/gcc/arm-none-eabi/4.7.3/../../../../arm-none-eabi/lib/armv6-m\libc_s.a(lib_a-__atexit2.o)
                              c:/program files (x86)/cypress/psoc creator/3.0/psoc creator/import/gnu_cs/arm/4.7.3/bin/../lib/gcc/arm-none-eabi/4.7.3/../../../../arm-none-eabi/lib/armv6-m/crt0.o (__register_exitproc)
c:/program files (x86)/cypress/psoc creator/3.0/psoc creator/import/gnu_cs/arm/4.7.3/bin/../lib/gcc/arm-none-eabi/4.7.3/../../../../arm-none-eabi/lib/armv6-m\libc_s.a(lib_a-exit.o)
                              c:/program files (x86)/cypress/psoc creator/3.0/psoc creator/import/gnu_cs/arm/4.7.3/bin/../lib/gcc/arm-none-eabi/4.7.3/../../../../arm-none-eabi/lib/armv6-m/crt0.o (exit)
c:/program files (x86)/cypress/psoc creator/3.0/psoc creator/import/gnu_cs/arm/4.7.3/bin/../lib/gcc/arm-none-eabi/4.7.3/../../../../arm-none-eabi/lib/armv6-m\libc_s.a(lib_a-fini.o)
                              c:/program files (x86)/cypress/psoc creator/3.0/psoc creator/import/gnu_cs/arm/4.7.3/bin/../lib/gcc/arm-none-eabi/4.7.3/../../../../arm-none-eabi/lib/armv6-m/crt0.o (__libc_fini_array)
c:/program files (x86)/cypress/psoc creator/3.0/psoc creator/import/gnu_cs/arm/4.7.3/bin/../lib/gcc/arm-none-eabi/4.7.3/../../../../arm-none-eabi/lib/armv6-m\libc_s.a(lib_a-impure.o)
                              c:/program files (x86)/cypress/psoc creator/3.0/psoc creator/import/gnu_cs/arm/4.7.3/bin/../lib/gcc/arm-none-eabi/4.7.3/../../../../arm-none-eabi/lib/armv6-m\libc_s.a(lib_a-exit.o) (_global_impure_ptr)
c:/program files (x86)/cypress/psoc creator/3.0/psoc creator/import/gnu_cs/arm/4.7.3/bin/../lib/gcc/arm-none-eabi/4.7.3/../../../../arm-none-eabi/lib/armv6-m\libc_s.a(lib_a-init.o)
                              c:/program files (x86)/cypress/psoc creator/3.0/psoc creator/import/gnu_cs/arm/4.7.3/bin/../lib/gcc/arm-none-eabi/4.7.3/../../../../arm-none-eabi/lib/armv6-m/crt0.o (__libc_init_array)
c:/program files (x86)/cypress/psoc creator/3.0/psoc creator/import/gnu_cs/arm/4.7.3/bin/../lib/gcc/arm-none-eabi/4.7.3/../../../../arm-none-eabi/lib/armv6-m\libc_s.a(lib_a-memcpy.o)
                              .\CortexM0\ARM_GCC_473\Debug\UART_Bootloader.a(Bootloader.o) (memcpy)
c:/program files (x86)/cypress/psoc creator/3.0/psoc creator/import/gnu_cs/arm/4.7.3/bin/../lib/gcc/arm-none-eabi/4.7.3/../../../../arm-none-eabi/lib/armv6-m\libc_s.a(lib_a-memset.o)
                              c:/program files (x86)/cypress/psoc creator/3.0/psoc creator/import/gnu_cs/arm/4.7.3/bin/../lib/gcc/arm-none-eabi/4.7.3/../../../../arm-none-eabi/lib/armv6-m/crt0.o (memset)

Allocating common symbols
Common symbol       size              file

UART_txBufferTail   0x4               .\CortexM0\ARM_GCC_473\Debug\UART_Bootloader.a(UART_SPI_UART.o)
UART_txBufferHead   0x4               .\CortexM0\ARM_GCC_473\Debug\UART_Bootloader.a(UART_SPI_UART.o)
UART_rxBufferTail   0x4               .\CortexM0\ARM_GCC_473\Debug\UART_Bootloader.a(UART_SPI_UART.o)
UART_txBufferInternal
                    0x40              .\CortexM0\ARM_GCC_473\Debug\UART_Bootloader.a(UART_SPI_UART.o)
UART_rxBufferInternal
                    0x41              .\CortexM0\ARM_GCC_473\Debug\UART_Bootloader.a(UART_SPI_UART.o)
UART_rxBufferOverflow
                    0x1               .\CortexM0\ARM_GCC_473\Debug\UART_Bootloader.a(UART_SPI_UART.o)
UART_rxBufferHead   0x4               .\CortexM0\ARM_GCC_473\Debug\UART_Bootloader.a(UART_SPI_UART.o)

Discarded input sections

 .text          0x00000000        0x0 c:/program files (x86)/cypress/psoc creator/3.0/psoc creator/import/gnu_cs/arm/4.7.3/bin/../lib/gcc/arm-none-eabi/4.7.3/armv6-m/crti.o
 .data          0x00000000        0x0 c:/program files (x86)/cypress/psoc creator/3.0/psoc creator/import/gnu_cs/arm/4.7.3/bin/../lib/gcc/arm-none-eabi/4.7.3/armv6-m/crti.o
 .bss           0x00000000        0x0 c:/program files (x86)/cypress/psoc creator/3.0/psoc creator/import/gnu_cs/arm/4.7.3/bin/../lib/gcc/arm-none-eabi/4.7.3/armv6-m/crti.o
 .data          0x00000000        0x4 c:/program files (x86)/cypress/psoc creator/3.0/psoc creator/import/gnu_cs/arm/4.7.3/bin/../lib/gcc/arm-none-eabi/4.7.3/armv6-m/crtbegin.o
 .text          0x00000000       0x74 c:/program files (x86)/cypress/psoc creator/3.0/psoc creator/import/gnu_cs/arm/4.7.3/bin/../lib/gcc/arm-none-eabi/4.7.3/../../../../arm-none-eabi/lib/armv6-m/crt0.o
 .data          0x00000000        0x0 c:/program files (x86)/cypress/psoc creator/3.0/psoc creator/import/gnu_cs/arm/4.7.3/bin/../lib/gcc/arm-none-eabi/4.7.3/../../../../arm-none-eabi/lib/armv6-m/crt0.o
 .bss           0x00000000        0x0 c:/program files (x86)/cypress/psoc creator/3.0/psoc creator/import/gnu_cs/arm/4.7.3/bin/../lib/gcc/arm-none-eabi/4.7.3/../../../../arm-none-eabi/lib/armv6-m/crt0.o
 .ARM.extab     0x00000000        0x0 c:/program files (x86)/cypress/psoc creator/3.0/psoc creator/import/gnu_cs/arm/4.7.3/bin/../lib/gcc/arm-none-eabi/4.7.3/../../../../arm-none-eabi/lib/armv6-m/crt0.o
 .ARM.exidx     0x00000000        0x8 c:/program files (x86)/cypress/psoc creator/3.0/psoc creator/import/gnu_cs/arm/4.7.3/bin/../lib/gcc/arm-none-eabi/4.7.3/../../../../arm-none-eabi/lib/armv6-m/crt0.o
 .text          0x00000000        0x0 .\CortexM0\ARM_GCC_473\Debug\main.o
 .data          0x00000000        0x0 .\CortexM0\ARM_GCC_473\Debug\main.o
 .bss           0x00000000        0x0 .\CortexM0\ARM_GCC_473\Debug\main.o
 .text          0x00000000        0x0 .\CortexM0\ARM_GCC_473\Debug\UART_Btldr.o
 .data          0x00000000        0x0 .\CortexM0\ARM_GCC_473\Debug\UART_Btldr.o
 .text.CyBtldrCommStop
                0x00000000        0x8 .\CortexM0\ARM_GCC_473\Debug\UART_Btldr.o
 .text.CyBtldrCommReset
                0x00000000        0xc .\CortexM0\ARM_GCC_473\Debug\UART_Btldr.o
 .text          0x00000000        0x0 .\CortexM0\ARM_GCC_473\Debug\cymetadata.o
 .data          0x00000000        0x0 .\CortexM0\ARM_GCC_473\Debug\cymetadata.o
 .bss           0x00000000        0x0 .\CortexM0\ARM_GCC_473\Debug\cymetadata.o
 .text          0x00000000        0x0 .\CortexM0\ARM_GCC_473\Debug\Cm0Start.o
 .data          0x00000000        0x0 .\CortexM0\ARM_GCC_473\Debug\Cm0Start.o
 .bss           0x00000000        0x0 .\CortexM0\ARM_GCC_473\Debug\Cm0Start.o
 .text._exit    0x00000000        0x4 .\CortexM0\ARM_GCC_473\Debug\Cm0Start.o
 .text          0x00000000        0x0 .\CortexM0\ARM_GCC_473\Debug\UART_Bootloader.a(cyfitter_cfg.o)
 .data          0x00000000        0x0 .\CortexM0\ARM_GCC_473\Debug\UART_Bootloader.a(cyfitter_cfg.o)
 .bss           0x00000000        0x0 .\CortexM0\ARM_GCC_473\Debug\UART_Bootloader.a(cyfitter_cfg.o)
 .text          0x00000000        0x0 .\CortexM0\ARM_GCC_473\Debug\UART_Bootloader.a(UART.o)
 .data          0x00000000        0x0 .\CortexM0\ARM_GCC_473\Debug\UART_Bootloader.a(UART.o)
 .text.UART_Init
                0x00000000        0x8 .\CortexM0\ARM_GCC_473\Debug\UART_Bootloader.a(UART.o)
 .text.UART_Stop
                0x00000000       0x1c .\CortexM0\ARM_GCC_473\Debug\UART_Bootloader.a(UART.o)
 .text.UART_SetCustomInterruptHandler
                0x00000000        0xc .\CortexM0\ARM_GCC_473\Debug\UART_Bootloader.a(UART.o)
 .text          0x00000000        0x0 .\CortexM0\ARM_GCC_473\Debug\UART_Bootloader.a(UART_SPI_UART.o)
 .data          0x00000000        0x0 .\CortexM0\ARM_GCC_473\Debug\UART_Bootloader.a(UART_SPI_UART.o)
 .bss           0x00000000        0x0 .\CortexM0\ARM_GCC_473\Debug\UART_Bootloader.a(UART_SPI_UART.o)
 .text.UART_SpiUartGetTxBufferSize
                0x00000000       0x20 .\CortexM0\ARM_GCC_473\Debug\UART_Bootloader.a(UART_SPI_UART.o)
 .text.UART_SpiUartDisableIntRx
                0x00000000       0x10 .\CortexM0\ARM_GCC_473\Debug\UART_Bootloader.a(UART_SPI_UART.o)
 .text.UART_SpiUartDisableIntTx
                0x00000000       0x10 .\CortexM0\ARM_GCC_473\Debug\UART_Bootloader.a(UART_SPI_UART.o)
 .text          0x00000000        0x0 .\CortexM0\ARM_GCC_473\Debug\UART_Bootloader.a(UART_UART.o)
 .data          0x00000000        0x0 .\CortexM0\ARM_GCC_473\Debug\UART_Bootloader.a(UART_UART.o)
 .bss           0x00000000        0x0 .\CortexM0\ARM_GCC_473\Debug\UART_Bootloader.a(UART_UART.o)
 .text.UART_UartSetRxAddress
                0x00000000       0x14 .\CortexM0\ARM_GCC_473\Debug\UART_Bootloader.a(UART_UART.o)
 .text.UART_UartSetRxAddressMask
                0x00000000       0x18 .\CortexM0\ARM_GCC_473\Debug\UART_Bootloader.a(UART_UART.o)
 .text.UART_UartGetChar
                0x00000000       0x28 .\CortexM0\ARM_GCC_473\Debug\UART_Bootloader.a(UART_UART.o)
 .text.UART_UartGetByte
                0x00000000       0x40 .\CortexM0\ARM_GCC_473\Debug\UART_Bootloader.a(UART_UART.o)
 .text.UART_UartPutString
                0x00000000       0x16 .\CortexM0\ARM_GCC_473\Debug\UART_Bootloader.a(UART_UART.o)
 .text.UART_UartPutCRLF
                0x00000000       0x14 .\CortexM0\ARM_GCC_473\Debug\UART_Bootloader.a(UART_UART.o)
 .text          0x00000000        0x0 .\CortexM0\ARM_GCC_473\Debug\UART_Bootloader.a(UART_SCB_IRQ.o)
 .data          0x00000000        0x0 .\CortexM0\ARM_GCC_473\Debug\UART_Bootloader.a(UART_SCB_IRQ.o)
 .bss           0x00000000        0x0 .\CortexM0\ARM_GCC_473\Debug\UART_Bootloader.a(UART_SCB_IRQ.o)
 .text.UART_SCB_IRQ_Interrupt
                0x00000000        0x2 .\CortexM0\ARM_GCC_473\Debug\UART_Bootloader.a(UART_SCB_IRQ.o)
 .text.UART_SCB_IRQ_Stop
                0x00000000       0x1c .\CortexM0\ARM_GCC_473\Debug\UART_Bootloader.a(UART_SCB_IRQ.o)
 .text.UART_SCB_IRQ_GetVector
                0x00000000        0xc .\CortexM0\ARM_GCC_473\Debug\UART_Bootloader.a(UART_SCB_IRQ.o)
 .text.UART_SCB_IRQ_StartEx
                0x00000000       0x28 .\CortexM0\ARM_GCC_473\Debug\UART_Bootloader.a(UART_SCB_IRQ.o)
 .text.UART_SCB_IRQ_Start
                0x00000000       0x2c .\CortexM0\ARM_GCC_473\Debug\UART_Bootloader.a(UART_SCB_IRQ.o)
 .text.UART_SCB_IRQ_GetPriority
                0x00000000       0x10 .\CortexM0\ARM_GCC_473\Debug\UART_Bootloader.a(UART_SCB_IRQ.o)
 .text.UART_SCB_IRQ_GetState
                0x00000000       0x10 .\CortexM0\ARM_GCC_473\Debug\UART_Bootloader.a(UART_SCB_IRQ.o)
 .text.UART_SCB_IRQ_SetPending
                0x00000000       0x10 .\CortexM0\ARM_GCC_473\Debug\UART_Bootloader.a(UART_SCB_IRQ.o)
 .text.UART_SCB_IRQ_ClearPending
                0x00000000       0x10 .\CortexM0\ARM_GCC_473\Debug\UART_Bootloader.a(UART_SCB_IRQ.o)
 .data          0x00000000        0x0 .\CortexM0\ARM_GCC_473\Debug\UART_Bootloader.a(CyBootAsmGnu.o)
 .bss           0x00000000        0x0 .\CortexM0\ARM_GCC_473\Debug\UART_Bootloader.a(CyBootAsmGnu.o)
 .text          0x00000000        0x0 .\CortexM0\ARM_GCC_473\Debug\UART_Bootloader.a(CyLib.o)
 .bss           0x00000000        0x0 .\CortexM0\ARM_GCC_473\Debug\UART_Bootloader.a(CyLib.o)
 .text.CySysClkImoStart
                0x00000000       0x14 .\CortexM0\ARM_GCC_473\Debug\UART_Bootloader.a(CyLib.o)
 .text.CySysClkImoStop
                0x00000000       0x10 .\CortexM0\ARM_GCC_473\Debug\UART_Bootloader.a(CyLib.o)
 .text.CySysClkIloStart
                0x00000000       0x14 .\CortexM0\ARM_GCC_473\Debug\UART_Bootloader.a(CyLib.o)
 .text.CySysClkIloStop
                0x00000000       0x10 .\CortexM0\ARM_GCC_473\Debug\UART_Bootloader.a(CyLib.o)
 .text.CySysClkWriteHfclkDirect
                0x00000000       0x18 .\CortexM0\ARM_GCC_473\Debug\UART_Bootloader.a(CyLib.o)
 .text.CySysClkWriteSysclkDiv
                0x00000000       0x20 .\CortexM0\ARM_GCC_473\Debug\UART_Bootloader.a(CyLib.o)
 .text.CySysWdtLock
                0x00000000       0x30 .\CortexM0\ARM_GCC_473\Debug\UART_Bootloader.a(CyLib.o)
 .text.CySysWdtUnlock
                0x00000000       0x44 .\CortexM0\ARM_GCC_473\Debug\UART_Bootloader.a(CyLib.o)
 .text.CySysWdtReadEnabledStatus
                0x00000000       0x20 .\CortexM0\ARM_GCC_473\Debug\UART_Bootloader.a(CyLib.o)
 .text.CySysWdtWriteMode
                0x00000000       0x44 .\CortexM0\ARM_GCC_473\Debug\UART_Bootloader.a(CyLib.o)
 .text.CySysWdtReadMode
                0x00000000       0x14 .\CortexM0\ARM_GCC_473\Debug\UART_Bootloader.a(CyLib.o)
 .text.CySysWdtWriteClearOnMatch
                0x00000000       0x3c .\CortexM0\ARM_GCC_473\Debug\UART_Bootloader.a(CyLib.o)
 .text.CySysWdtReadClearOnMatch
                0x00000000       0x20 .\CortexM0\ARM_GCC_473\Debug\UART_Bootloader.a(CyLib.o)
 .text.CySysWdtEnable
                0x00000000       0x24 .\CortexM0\ARM_GCC_473\Debug\UART_Bootloader.a(CyLib.o)
 .text.CySysWdtDisable
                0x00000000       0x24 .\CortexM0\ARM_GCC_473\Debug\UART_Bootloader.a(CyLib.o)
 .text.CySysWdtWriteCascade
                0x00000000       0x44 .\CortexM0\ARM_GCC_473\Debug\UART_Bootloader.a(CyLib.o)
 .text.CySysWdtReadCascade
                0x00000000       0x14 .\CortexM0\ARM_GCC_473\Debug\UART_Bootloader.a(CyLib.o)
 .text.CySysWdtWriteToggleBit
                0x00000000       0x3c .\CortexM0\ARM_GCC_473\Debug\UART_Bootloader.a(CyLib.o)
 .text.CySysWdtReadToggleBit
                0x00000000       0x10 .\CortexM0\ARM_GCC_473\Debug\UART_Bootloader.a(CyLib.o)
 .text.CySysWdtReadMatch
                0x00000000       0x18 .\CortexM0\ARM_GCC_473\Debug\UART_Bootloader.a(CyLib.o)
 .text.CySysWdtReadCount
                0x00000000       0x34 .\CortexM0\ARM_GCC_473\Debug\UART_Bootloader.a(CyLib.o)
 .text.CySysWdtGetInterruptSource
                0x00000000       0x14 .\CortexM0\ARM_GCC_473\Debug\UART_Bootloader.a(CyLib.o)
 .text.CySysWdtClearInterrupt
                0x00000000       0x78 .\CortexM0\ARM_GCC_473\Debug\UART_Bootloader.a(CyLib.o)
 .text.CySysWdtResetCounters
                0x00000000       0x2c .\CortexM0\ARM_GCC_473\Debug\UART_Bootloader.a(CyLib.o)
 .text.CySysLvdEnable
                0x00000000       0x2c .\CortexM0\ARM_GCC_473\Debug\UART_Bootloader.a(CyLib.o)
 .text.CySysLvdDisable
                0x00000000       0x20 .\CortexM0\ARM_GCC_473\Debug\UART_Bootloader.a(CyLib.o)
 .text.CySysLvdGetInterruptSource
                0x00000000       0x10 .\CortexM0\ARM_GCC_473\Debug\UART_Bootloader.a(CyLib.o)
 .text.CySysLvdClearInterrupt
                0x00000000        0xc .\CortexM0\ARM_GCC_473\Debug\UART_Bootloader.a(CyLib.o)
 .text.CyDisableInts
                0x00000000       0x10 .\CortexM0\ARM_GCC_473\Debug\UART_Bootloader.a(CyLib.o)
 .text.CyEnableInts
                0x00000000        0xc .\CortexM0\ARM_GCC_473\Debug\UART_Bootloader.a(CyLib.o)
 .text.CyIntSetSysVector
                0x00000000       0x16 .\CortexM0\ARM_GCC_473\Debug\UART_Bootloader.a(CyLib.o)
 .text.CyIntGetSysVector
                0x00000000       0x14 .\CortexM0\ARM_GCC_473\Debug\UART_Bootloader.a(CyLib.o)
 .text.CyIntSetVector
                0x00000000       0x18 .\CortexM0\ARM_GCC_473\Debug\UART_Bootloader.a(CyLib.o)
 .text.CyIntGetVector
                0x00000000       0x18 .\CortexM0\ARM_GCC_473\Debug\UART_Bootloader.a(CyLib.o)
 .text.CyIntSetPriority
                0x00000000       0x40 .\CortexM0\ARM_GCC_473\Debug\UART_Bootloader.a(CyLib.o)
 .text.CyIntGetPriority
                0x00000000       0x28 .\CortexM0\ARM_GCC_473\Debug\UART_Bootloader.a(CyLib.o)
 .text.CyIntEnable
                0x00000000       0x14 .\CortexM0\ARM_GCC_473\Debug\UART_Bootloader.a(CyLib.o)
 .text.CyIntGetState
                0x00000000       0x18 .\CortexM0\ARM_GCC_473\Debug\UART_Bootloader.a(CyLib.o)
 .text.CyIntDisable
                0x00000000       0x14 .\CortexM0\ARM_GCC_473\Debug\UART_Bootloader.a(CyLib.o)
 .text.CyIntSetPending
                0x00000000       0x14 .\CortexM0\ARM_GCC_473\Debug\UART_Bootloader.a(CyLib.o)
 .text.CyIntClearPending
                0x00000000       0x14 .\CortexM0\ARM_GCC_473\Debug\UART_Bootloader.a(CyLib.o)
 .text.CySysWdtWriteMatch
                0x00000000       0x40 .\CortexM0\ARM_GCC_473\Debug\UART_Bootloader.a(CyLib.o)
 .text.CySysClkWriteImoFreq
                0x00000000      0x13c .\CortexM0\ARM_GCC_473\Debug\UART_Bootloader.a(CyLib.o)
 .text.CyDelayFreq
                0x00000000       0x48 .\CortexM0\ARM_GCC_473\Debug\UART_Bootloader.a(CyLib.o)
 .rodata        0x00000000       0x2e .\CortexM0\ARM_GCC_473\Debug\UART_Bootloader.a(CyLib.o)
 .text          0x00000000        0x0 .\CortexM0\ARM_GCC_473\Debug\UART_Bootloader.a(Bootloader.o)
 .bss           0x00000000        0x0 .\CortexM0\ARM_GCC_473\Debug\UART_Bootloader.a(Bootloader.o)
 .text.Bootloader_SetFlashByte
                0x00000000       0x2e .\CortexM0\ARM_GCC_473\Debug\UART_Bootloader.a(Bootloader.o)
 .text          0x00000000        0x0 .\CortexM0\ARM_GCC_473\Debug\UART_Bootloader.a(PWM.o)
 .data          0x00000000        0x0 .\CortexM0\ARM_GCC_473\Debug\UART_Bootloader.a(PWM.o)
 .text.PWM_Stop
                0x00000000       0x1c .\CortexM0\ARM_GCC_473\Debug\UART_Bootloader.a(PWM.o)
 .text.PWM_SetMode
                0x00000000       0x28 .\CortexM0\ARM_GCC_473\Debug\UART_Bootloader.a(PWM.o)
 .text.PWM_SetQDMode
                0x00000000       0x28 .\CortexM0\ARM_GCC_473\Debug\UART_Bootloader.a(PWM.o)
 .text.PWM_SetPrescaler
                0x00000000       0x28 .\CortexM0\ARM_GCC_473\Debug\UART_Bootloader.a(PWM.o)
 .text.PWM_SetOneShot
                0x00000000       0x2c .\CortexM0\ARM_GCC_473\Debug\UART_Bootloader.a(PWM.o)
 .text.PWM_SetPWMMode
                0x00000000       0x10 .\CortexM0\ARM_GCC_473\Debug\UART_Bootloader.a(PWM.o)
 .text.PWM_SetPWMSyncKill
                0x00000000       0x28 .\CortexM0\ARM_GCC_473\Debug\UART_Bootloader.a(PWM.o)
 .text.PWM_SetPWMStopOnKill
                0x00000000       0x28 .\CortexM0\ARM_GCC_473\Debug\UART_Bootloader.a(PWM.o)
 .text.PWM_SetPWMDeadTime
                0x00000000       0x2c .\CortexM0\ARM_GCC_473\Debug\UART_Bootloader.a(PWM.o)
 .text.PWM_SetPWMInvert
                0x00000000       0x28 .\CortexM0\ARM_GCC_473\Debug\UART_Bootloader.a(PWM.o)
 .text.PWM_WriteCounter
                0x00000000        0xc .\CortexM0\ARM_GCC_473\Debug\UART_Bootloader.a(PWM.o)
 .text.PWM_ReadCounter
                0x00000000        0xc .\CortexM0\ARM_GCC_473\Debug\UART_Bootloader.a(PWM.o)
 .text.PWM_SetCounterMode
                0x00000000       0x28 .\CortexM0\ARM_GCC_473\Debug\UART_Bootloader.a(PWM.o)
 .text.PWM_WritePeriod
                0x00000000        0xc .\CortexM0\ARM_GCC_473\Debug\UART_Bootloader.a(PWM.o)
 .text.PWM_ReadPeriod
                0x00000000        0xc .\CortexM0\ARM_GCC_473\Debug\UART_Bootloader.a(PWM.o)
 .text.PWM_SetCompareSwap
                0x00000000       0x24 .\CortexM0\ARM_GCC_473\Debug\UART_Bootloader.a(PWM.o)
 .text.PWM_WritePeriodBuf
                0x00000000        0xc .\CortexM0\ARM_GCC_473\Debug\UART_Bootloader.a(PWM.o)
 .text.PWM_ReadPeriodBuf
                0x00000000        0xc .\CortexM0\ARM_GCC_473\Debug\UART_Bootloader.a(PWM.o)
 .text.PWM_SetPeriodSwap
                0x00000000       0x28 .\CortexM0\ARM_GCC_473\Debug\UART_Bootloader.a(PWM.o)
 .text.PWM_WriteCompare
                0x00000000        0xc .\CortexM0\ARM_GCC_473\Debug\UART_Bootloader.a(PWM.o)
 .text.PWM_ReadCompare
                0x00000000        0xc .\CortexM0\ARM_GCC_473\Debug\UART_Bootloader.a(PWM.o)
 .text.PWM_WriteCompareBuf
                0x00000000        0xc .\CortexM0\ARM_GCC_473\Debug\UART_Bootloader.a(PWM.o)
 .text.PWM_ReadCompareBuf
                0x00000000        0xc .\CortexM0\ARM_GCC_473\Debug\UART_Bootloader.a(PWM.o)
 .text.PWM_ReadCapture
                0x00000000        0xc .\CortexM0\ARM_GCC_473\Debug\UART_Bootloader.a(PWM.o)
 .text.PWM_ReadCaptureBuf
                0x00000000        0xc .\CortexM0\ARM_GCC_473\Debug\UART_Bootloader.a(PWM.o)
 .text.PWM_SetCaptureMode
                0x00000000       0x24 .\CortexM0\ARM_GCC_473\Debug\UART_Bootloader.a(PWM.o)
 .text.PWM_SetReloadMode
                0x00000000       0x24 .\CortexM0\ARM_GCC_473\Debug\UART_Bootloader.a(PWM.o)
 .text.PWM_SetStartMode
                0x00000000       0x28 .\CortexM0\ARM_GCC_473\Debug\UART_Bootloader.a(PWM.o)
 .text.PWM_SetStopMode
                0x00000000       0x24 .\CortexM0\ARM_GCC_473\Debug\UART_Bootloader.a(PWM.o)
 .text.PWM_SetCountMode
                0x00000000       0x24 .\CortexM0\ARM_GCC_473\Debug\UART_Bootloader.a(PWM.o)
 .text.PWM_TriggerCommand
                0x00000000       0x1c .\CortexM0\ARM_GCC_473\Debug\UART_Bootloader.a(PWM.o)
 .text.PWM_ReadStatus
                0x00000000       0x14 .\CortexM0\ARM_GCC_473\Debug\UART_Bootloader.a(PWM.o)
 .text.PWM_SetInterruptMode
                0x00000000        0xc .\CortexM0\ARM_GCC_473\Debug\UART_Bootloader.a(PWM.o)
 .text.PWM_GetInterruptSourceMasked
                0x00000000        0xc .\CortexM0\ARM_GCC_473\Debug\UART_Bootloader.a(PWM.o)
 .text.PWM_GetInterruptSource
                0x00000000        0xc .\CortexM0\ARM_GCC_473\Debug\UART_Bootloader.a(PWM.o)
 .text.PWM_ClearInterrupt
                0x00000000        0xc .\CortexM0\ARM_GCC_473\Debug\UART_Bootloader.a(PWM.o)
 .text.PWM_SetInterrupt
                0x00000000        0xc .\CortexM0\ARM_GCC_473\Debug\UART_Bootloader.a(PWM.o)
 .text          0x00000000        0x0 .\CortexM0\ARM_GCC_473\Debug\UART_Bootloader.a(Boot_P0_7.o)
 .data          0x00000000        0x0 .\CortexM0\ARM_GCC_473\Debug\UART_Bootloader.a(Boot_P0_7.o)
 .bss           0x00000000        0x0 .\CortexM0\ARM_GCC_473\Debug\UART_Bootloader.a(Boot_P0_7.o)
 .text.Boot_P0_7_Write
                0x00000000       0x18 .\CortexM0\ARM_GCC_473\Debug\UART_Bootloader.a(Boot_P0_7.o)
 .text.Boot_P0_7_SetDriveMode
                0x00000000       0x1c .\CortexM0\ARM_GCC_473\Debug\UART_Bootloader.a(Boot_P0_7.o)
 .text.Boot_P0_7_ReadDataReg
                0x00000000       0x10 .\CortexM0\ARM_GCC_473\Debug\UART_Bootloader.a(Boot_P0_7.o)
 .text.Boot_P0_7_ClearInterrupt
                0x00000000       0x14 .\CortexM0\ARM_GCC_473\Debug\UART_Bootloader.a(Boot_P0_7.o)
 .text          0x00000000        0x0 .\CortexM0\ARM_GCC_473\Debug\UART_Bootloader.a(UART_SPI_UART_INT.o)
 .data          0x00000000        0x0 .\CortexM0\ARM_GCC_473\Debug\UART_Bootloader.a(UART_SPI_UART_INT.o)
 .bss           0x00000000        0x0 .\CortexM0\ARM_GCC_473\Debug\UART_Bootloader.a(UART_SPI_UART_INT.o)
 .text          0x00000000        0x0 .\CortexM0\ARM_GCC_473\Debug\UART_Bootloader.a(CyFlash.o)
 .data          0x00000000        0x0 .\CortexM0\ARM_GCC_473\Debug\UART_Bootloader.a(CyFlash.o)
 .bss           0x00000000        0x0 .\CortexM0\ARM_GCC_473\Debug\UART_Bootloader.a(CyFlash.o)
 .text.CySysFlashSetWaitCycles
                0x00000000       0x30 .\CortexM0\ARM_GCC_473\Debug\UART_Bootloader.a(CyFlash.o)
 .data          0x00000000        0x0 c:/program files (x86)/cypress/psoc creator/3.0/psoc creator/import/gnu_cs/arm/4.7.3/bin/../lib/gcc/arm-none-eabi/4.7.3/armv6-m\libgcc.a(_thumb1_case_sqi.o)
 .bss           0x00000000        0x0 c:/program files (x86)/cypress/psoc creator/3.0/psoc creator/import/gnu_cs/arm/4.7.3/bin/../lib/gcc/arm-none-eabi/4.7.3/armv6-m\libgcc.a(_thumb1_case_sqi.o)
 .data          0x00000000        0x0 c:/program files (x86)/cypress/psoc creator/3.0/psoc creator/import/gnu_cs/arm/4.7.3/bin/../lib/gcc/arm-none-eabi/4.7.3/armv6-m\libgcc.a(_thumb1_case_uqi.o)
 .bss           0x00000000        0x0 c:/program files (x86)/cypress/psoc creator/3.0/psoc creator/import/gnu_cs/arm/4.7.3/bin/../lib/gcc/arm-none-eabi/4.7.3/armv6-m\libgcc.a(_thumb1_case_uqi.o)
 .text          0x00000000       0x9c c:/program files (x86)/cypress/psoc creator/3.0/psoc creator/import/gnu_cs/arm/4.7.3/bin/../lib/gcc/arm-none-eabi/4.7.3/armv6-m\libgcc.a(_udivsi3.o)
 .data          0x00000000        0x0 c:/program files (x86)/cypress/psoc creator/3.0/psoc creator/import/gnu_cs/arm/4.7.3/bin/../lib/gcc/arm-none-eabi/4.7.3/armv6-m\libgcc.a(_udivsi3.o)
 .bss           0x00000000        0x0 c:/program files (x86)/cypress/psoc creator/3.0/psoc creator/import/gnu_cs/arm/4.7.3/bin/../lib/gcc/arm-none-eabi/4.7.3/armv6-m\libgcc.a(_udivsi3.o)
 .text          0x00000000        0x4 c:/program files (x86)/cypress/psoc creator/3.0/psoc creator/import/gnu_cs/arm/4.7.3/bin/../lib/gcc/arm-none-eabi/4.7.3/armv6-m\libgcc.a(_dvmd_tls.o)
 .data          0x00000000        0x0 c:/program files (x86)/cypress/psoc creator/3.0/psoc creator/import/gnu_cs/arm/4.7.3/bin/../lib/gcc/arm-none-eabi/4.7.3/armv6-m\libgcc.a(_dvmd_tls.o)
 .bss           0x00000000        0x0 c:/program files (x86)/cypress/psoc creator/3.0/psoc creator/import/gnu_cs/arm/4.7.3/bin/../lib/gcc/arm-none-eabi/4.7.3/armv6-m\libgcc.a(_dvmd_tls.o)
 .text          0x00000000        0x0 c:/program files (x86)/cypress/psoc creator/3.0/psoc creator/import/gnu_cs/arm/4.7.3/bin/../lib/gcc/arm-none-eabi/4.7.3/../../../../arm-none-eabi/lib/armv6-m\libc_s.a(lib_a-__atexit2.o)
 .data          0x00000000        0x0 c:/program files (x86)/cypress/psoc creator/3.0/psoc creator/import/gnu_cs/arm/4.7.3/bin/../lib/gcc/arm-none-eabi/4.7.3/../../../../arm-none-eabi/lib/armv6-m\libc_s.a(lib_a-__atexit2.o)
 .bss           0x00000000        0x0 c:/program files (x86)/cypress/psoc creator/3.0/psoc creator/import/gnu_cs/arm/4.7.3/bin/../lib/gcc/arm-none-eabi/4.7.3/../../../../arm-none-eabi/lib/armv6-m\libc_s.a(lib_a-__atexit2.o)
 .text.__register_exitproc
                0x00000000       0x18 c:/program files (x86)/cypress/psoc creator/3.0/psoc creator/import/gnu_cs/arm/4.7.3/bin/../lib/gcc/arm-none-eabi/4.7.3/../../../../arm-none-eabi/lib/armv6-m\libc_s.a(lib_a-__atexit2.o)
 .text          0x00000000        0x0 c:/program files (x86)/cypress/psoc creator/3.0/psoc creator/import/gnu_cs/arm/4.7.3/bin/../lib/gcc/arm-none-eabi/4.7.3/../../../../arm-none-eabi/lib/armv6-m\libc_s.a(lib_a-exit.o)
 .data          0x00000000        0x0 c:/program files (x86)/cypress/psoc creator/3.0/psoc creator/import/gnu_cs/arm/4.7.3/bin/../lib/gcc/arm-none-eabi/4.7.3/../../../../arm-none-eabi/lib/armv6-m\libc_s.a(lib_a-exit.o)
 .bss           0x00000000        0x0 c:/program files (x86)/cypress/psoc creator/3.0/psoc creator/import/gnu_cs/arm/4.7.3/bin/../lib/gcc/arm-none-eabi/4.7.3/../../../../arm-none-eabi/lib/armv6-m\libc_s.a(lib_a-exit.o)
 .text.exit     0x00000000       0x30 c:/program files (x86)/cypress/psoc creator/3.0/psoc creator/import/gnu_cs/arm/4.7.3/bin/../lib/gcc/arm-none-eabi/4.7.3/../../../../arm-none-eabi/lib/armv6-m\libc_s.a(lib_a-exit.o)
 .text          0x00000000        0x0 c:/program files (x86)/cypress/psoc creator/3.0/psoc creator/import/gnu_cs/arm/4.7.3/bin/../lib/gcc/arm-none-eabi/4.7.3/../../../../arm-none-eabi/lib/armv6-m\libc_s.a(lib_a-fini.o)
 .data          0x00000000        0x0 c:/program files (x86)/cypress/psoc creator/3.0/psoc creator/import/gnu_cs/arm/4.7.3/bin/../lib/gcc/arm-none-eabi/4.7.3/../../../../arm-none-eabi/lib/armv6-m\libc_s.a(lib_a-fini.o)
 .bss           0x00000000        0x0 c:/program files (x86)/cypress/psoc creator/3.0/psoc creator/import/gnu_cs/arm/4.7.3/bin/../lib/gcc/arm-none-eabi/4.7.3/../../../../arm-none-eabi/lib/armv6-m\libc_s.a(lib_a-fini.o)
 .text.__libc_fini_array
                0x00000000       0x2c c:/program files (x86)/cypress/psoc creator/3.0/psoc creator/import/gnu_cs/arm/4.7.3/bin/../lib/gcc/arm-none-eabi/4.7.3/../../../../arm-none-eabi/lib/armv6-m\libc_s.a(lib_a-fini.o)
 .text          0x00000000        0x0 c:/program files (x86)/cypress/psoc creator/3.0/psoc creator/import/gnu_cs/arm/4.7.3/bin/../lib/gcc/arm-none-eabi/4.7.3/../../../../arm-none-eabi/lib/armv6-m\libc_s.a(lib_a-impure.o)
 .data          0x00000000        0x0 c:/program files (x86)/cypress/psoc creator/3.0/psoc creator/import/gnu_cs/arm/4.7.3/bin/../lib/gcc/arm-none-eabi/4.7.3/../../../../arm-none-eabi/lib/armv6-m\libc_s.a(lib_a-impure.o)
 .bss           0x00000000        0x0 c:/program files (x86)/cypress/psoc creator/3.0/psoc creator/import/gnu_cs/arm/4.7.3/bin/../lib/gcc/arm-none-eabi/4.7.3/../../../../arm-none-eabi/lib/armv6-m\libc_s.a(lib_a-impure.o)
 .data.impure_data
                0x00000000       0x64 c:/program files (x86)/cypress/psoc creator/3.0/psoc creator/import/gnu_cs/arm/4.7.3/bin/../lib/gcc/arm-none-eabi/4.7.3/../../../../arm-none-eabi/lib/armv6-m\libc_s.a(lib_a-impure.o)
 .data._impure_ptr
                0x00000000        0x4 c:/program files (x86)/cypress/psoc creator/3.0/psoc creator/import/gnu_cs/arm/4.7.3/bin/../lib/gcc/arm-none-eabi/4.7.3/../../../../arm-none-eabi/lib/armv6-m\libc_s.a(lib_a-impure.o)
 .rodata.str1.1
                0x00000000        0x2 c:/program files (x86)/cypress/psoc creator/3.0/psoc creator/import/gnu_cs/arm/4.7.3/bin/../lib/gcc/arm-none-eabi/4.7.3/../../../../arm-none-eabi/lib/armv6-m\libc_s.a(lib_a-impure.o)
 .rodata._global_impure_ptr
                0x00000000        0x4 c:/program files (x86)/cypress/psoc creator/3.0/psoc creator/import/gnu_cs/arm/4.7.3/bin/../lib/gcc/arm-none-eabi/4.7.3/../../../../arm-none-eabi/lib/armv6-m\libc_s.a(lib_a-impure.o)
 .text          0x00000000        0x0 c:/program files (x86)/cypress/psoc creator/3.0/psoc creator/import/gnu_cs/arm/4.7.3/bin/../lib/gcc/arm-none-eabi/4.7.3/../../../../arm-none-eabi/lib/armv6-m\libc_s.a(lib_a-init.o)
 .data          0x00000000        0x0 c:/program files (x86)/cypress/psoc creator/3.0/psoc creator/import/gnu_cs/arm/4.7.3/bin/../lib/gcc/arm-none-eabi/4.7.3/../../../../arm-none-eabi/lib/armv6-m\libc_s.a(lib_a-init.o)
 .bss           0x00000000        0x0 c:/program files (x86)/cypress/psoc creator/3.0/psoc creator/import/gnu_cs/arm/4.7.3/bin/../lib/gcc/arm-none-eabi/4.7.3/../../../../arm-none-eabi/lib/armv6-m\libc_s.a(lib_a-init.o)
 .text          0x00000000        0x0 c:/program files (x86)/cypress/psoc creator/3.0/psoc creator/import/gnu_cs/arm/4.7.3/bin/../lib/gcc/arm-none-eabi/4.7.3/../../../../arm-none-eabi/lib/armv6-m\libc_s.a(lib_a-memcpy.o)
 .data          0x00000000        0x0 c:/program files (x86)/cypress/psoc creator/3.0/psoc creator/import/gnu_cs/arm/4.7.3/bin/../lib/gcc/arm-none-eabi/4.7.3/../../../../arm-none-eabi/lib/armv6-m\libc_s.a(lib_a-memcpy.o)
 .bss           0x00000000        0x0 c:/program files (x86)/cypress/psoc creator/3.0/psoc creator/import/gnu_cs/arm/4.7.3/bin/../lib/gcc/arm-none-eabi/4.7.3/../../../../arm-none-eabi/lib/armv6-m\libc_s.a(lib_a-memcpy.o)
 .text          0x00000000        0x0 c:/program files (x86)/cypress/psoc creator/3.0/psoc creator/import/gnu_cs/arm/4.7.3/bin/../lib/gcc/arm-none-eabi/4.7.3/../../../../arm-none-eabi/lib/armv6-m\libc_s.a(lib_a-memset.o)
 .data          0x00000000        0x0 c:/program files (x86)/cypress/psoc creator/3.0/psoc creator/import/gnu_cs/arm/4.7.3/bin/../lib/gcc/arm-none-eabi/4.7.3/../../../../arm-none-eabi/lib/armv6-m\libc_s.a(lib_a-memset.o)
 .bss           0x00000000        0x0 c:/program files (x86)/cypress/psoc creator/3.0/psoc creator/import/gnu_cs/arm/4.7.3/bin/../lib/gcc/arm-none-eabi/4.7.3/../../../../arm-none-eabi/lib/armv6-m\libc_s.a(lib_a-memset.o)
 .text          0x00000000        0x0 c:/program files (x86)/cypress/psoc creator/3.0/psoc creator/import/gnu_cs/arm/4.7.3/bin/../lib/gcc/arm-none-eabi/4.7.3/armv6-m/crtend.o
 .data          0x00000000        0x0 c:/program files (x86)/cypress/psoc creator/3.0/psoc creator/import/gnu_cs/arm/4.7.3/bin/../lib/gcc/arm-none-eabi/4.7.3/armv6-m/crtend.o
 .bss           0x00000000        0x0 c:/program files (x86)/cypress/psoc creator/3.0/psoc creator/import/gnu_cs/arm/4.7.3/bin/../lib/gcc/arm-none-eabi/4.7.3/armv6-m/crtend.o
 .text          0x00000000        0x0 c:/program files (x86)/cypress/psoc creator/3.0/psoc creator/import/gnu_cs/arm/4.7.3/bin/../lib/gcc/arm-none-eabi/4.7.3/armv6-m/crtn.o
 .data          0x00000000        0x0 c:/program files (x86)/cypress/psoc creator/3.0/psoc creator/import/gnu_cs/arm/4.7.3/bin/../lib/gcc/arm-none-eabi/4.7.3/armv6-m/crtn.o
 .bss           0x00000000        0x0 c:/program files (x86)/cypress/psoc creator/3.0/psoc creator/import/gnu_cs/arm/4.7.3/bin/../lib/gcc/arm-none-eabi/4.7.3/armv6-m/crtn.o

Memory Configuration

Name             Origin             Length             Attributes
rom              0x00000000         0x00008000         xr
ram              0x20000000         0x00001000         xrw
*default*        0x00000000         0xffffffff

Linker script and memory map

LOAD c:/program files (x86)/cypress/psoc creator/3.0/psoc creator/import/gnu_cs/arm/4.7.3/bin/../lib/gcc/arm-none-eabi/4.7.3/armv6-m/crti.o
LOAD c:/program files (x86)/cypress/psoc creator/3.0/psoc creator/import/gnu_cs/arm/4.7.3/bin/../lib/gcc/arm-none-eabi/4.7.3/armv6-m/crtbegin.o
LOAD c:/program files (x86)/cypress/psoc creator/3.0/psoc creator/import/gnu_cs/arm/4.7.3/bin/../lib/gcc/arm-none-eabi/4.7.3/../../../../arm-none-eabi/lib/armv6-m/crt0.o
START GROUP
LOAD .\CortexM0\ARM_GCC_473\Debug\main.o
LOAD .\CortexM0\ARM_GCC_473\Debug\UART_Btldr.o
LOAD .\CortexM0\ARM_GCC_473\Debug\cymetadata.o
LOAD .\CortexM0\ARM_GCC_473\Debug\Cm0Start.o
LOAD .\CortexM0\ARM_GCC_473\Debug\UART_Bootloader.a
LOAD C:\Program Files (x86)\Cypress\PSoC Creator\3.0\PSoC Creator\psoc\content\cycomponentlibrary\CyComponentLibrary.cylib\CortexM0\ARM_GCC_473\Debug\CyComponentLibrary.a
END GROUP
START GROUP
LOAD c:/program files (x86)/cypress/psoc creator/3.0/psoc creator/import/gnu_cs/arm/4.7.3/bin/../lib/gcc/arm-none-eabi/4.7.3/armv6-m\libgcc.a
LOAD c:/program files (x86)/cypress/psoc creator/3.0/psoc creator/import/gnu_cs/arm/4.7.3/bin/../lib/gcc/arm-none-eabi/4.7.3/../../../../arm-none-eabi/lib/armv6-m\libc_s.a
END GROUP
LOAD c:/program files (x86)/cypress/psoc creator/3.0/psoc creator/import/gnu_cs/arm/4.7.3/bin/../lib/gcc/arm-none-eabi/4.7.3/armv6-m/crtend.o
LOAD c:/program files (x86)/cypress/psoc creator/3.0/psoc creator/import/gnu_cs/arm/4.7.3/bin/../lib/gcc/arm-none-eabi/4.7.3/armv6-m/crtn.o
START GROUP
LOAD c:/program files (x86)/cypress/psoc creator/3.0/psoc creator/import/gnu_cs/arm/4.7.3/bin/../lib/gcc/arm-none-eabi/4.7.3/armv6-m\libgcc.a
LOAD c:/program files (x86)/cypress/psoc creator/3.0/psoc creator/import/gnu_cs/arm/4.7.3/bin/../lib/gcc/arm-none-eabi/4.7.3/../../../../arm-none-eabi/lib/armv6-m\libc.a
LOAD c:/program files (x86)/cypress/psoc creator/3.0/psoc creator/import/gnu_cs/arm/4.7.3/bin/../lib/gcc/arm-none-eabi/4.7.3/../../../../arm-none-eabi/lib/armv6-m\libnosys.a
END GROUP
                0x00000000                CY_APPL_ORIGIN = 0x0
                0x00000080                CY_FLASH_ROW_SIZE = 0x80
                0x00000001                CY_APPL_NUM = 0x1
                0x00000040                CY_METADATA_SIZE = 0x40
                0x200001b0                PROVIDE (__cy_heap_start, _end)
                0x00000001                PROVIDE (__cy_region_num, ((__cy_regions_end - __cy_regions) / 0x10))
                0x20001000                PROVIDE (__cy_stack, (ORIGIN (ram) + 0x1000))
                0x20000c00                PROVIDE (__cy_heap_end, (__cy_stack - 0x400))

.cybootloader   0x00000000        0x0
 *(.cybootloader)
                0x00000000                appl1_start = CY_APPL_ORIGIN?CY_APPL_ORIGIN:ALIGN (CY_FLASH_ROW_SIZE)
                0x00003f80                appl2_start = (appl1_start + ALIGN ((((0x8000 - appl1_start) - (0x2 * CY_FLASH_ROW_SIZE)) / 0x2), CY_FLASH_ROW_SIZE))
                0x00000000                appl_start = (CY_APPL_NUM == 0x1)?appl1_start:appl2_start

.text           0x00000000      0xe64
 CREATE_OBJECT_SYMBOLS
                0x00000000                PROVIDE (__cy_interrupt_vector, RomVectors)
 *(.romvectors)
 .romvectors    0x00000000       0x10 .\CortexM0\ARM_GCC_473\Debug\Cm0Start.o
                0x00000000                RomVectors
                0x00000001                ASSERT ((. != __cy_interrupt_vector), No interrupt vector)
                0x00000001                ASSERT (CY_APPL_ORIGIN?(SIZEOF (.cybootloader) <= CY_APPL_ORIGIN):0x1, Wrong image location)
                0x00000010                PROVIDE (__cy_reset, Reset)
 *(.text.Reset)
 .text.Reset    0x00000010        0xa .\CortexM0\ARM_GCC_473\Debug\Cm0Start.o
                0x00000010                Reset
                0x00000001                ASSERT ((. != __cy_reset), No reset code)
 *(.psocinit)
 *fill*         0x0000001a        0x2 00
 .psocinit      0x0000001c      0x1cc .\CortexM0\ARM_GCC_473\Debug\UART_Bootloader.a(cyfitter_cfg.o)
                0x0000001c                cyfitter_cfg
                0x000001e8                . = MAX (., 0x100)
 *(.text .text.* .gnu.linkonce.t.*)
 .text          0x000001e8       0x60 c:/program files (x86)/cypress/psoc creator/3.0/psoc creator/import/gnu_cs/arm/4.7.3/bin/../lib/gcc/arm-none-eabi/4.7.3/armv6-m/crtbegin.o
 .text.startup.main
                0x00000248       0x38 .\CortexM0\ARM_GCC_473\Debug\main.o
                0x00000248                main
 .text.CyBtldrCommStart
                0x00000280       0x10 .\CortexM0\ARM_GCC_473\Debug\UART_Btldr.o
                0x00000280                CyBtldrCommStart
 .text.CyBtldrCommWrite
                0x00000290       0x1c .\CortexM0\ARM_GCC_473\Debug\UART_Btldr.o
                0x00000290                CyBtldrCommWrite
 .text.CyBtldrCommRead
                0x000002ac       0xc0 .\CortexM0\ARM_GCC_473\Debug\UART_Btldr.o
                0x000002ac                CyBtldrCommRead
 .text.IntDefaultHandler
                0x0000036c        0x4 .\CortexM0\ARM_GCC_473\Debug\Cm0Start.o
                0x0000036c                IntDefaultHandler
 .text.Start_c  0x00000370       0x48 .\CortexM0\ARM_GCC_473\Debug\Cm0Start.o
                0x00000370                Start_c
 .text.startup.initialize_psoc
                0x000003b8       0x50 .\CortexM0\ARM_GCC_473\Debug\Cm0Start.o
                0x000003b8                initialize_psoc
 .text.UART_Enable
                0x00000408       0x18 .\CortexM0\ARM_GCC_473\Debug\UART_Bootloader.a(UART.o)
                0x00000408                UART_Enable
 .text.UART_Start
                0x00000420       0x1c .\CortexM0\ARM_GCC_473\Debug\UART_Bootloader.a(UART.o)
                0x00000420                UART_Start
 .text.UART_SpiUartReadRxData
                0x0000043c       0x34 .\CortexM0\ARM_GCC_473\Debug\UART_Bootloader.a(UART_SPI_UART.o)
                0x0000043c                UART_SpiUartReadRxData
 .text.UART_SpiUartGetRxBufferSize
                0x00000470       0x24 .\CortexM0\ARM_GCC_473\Debug\UART_Bootloader.a(UART_SPI_UART.o)
                0x00000470                UART_SpiUartGetRxBufferSize
 .text.UART_SpiUartClearRxBuffer
                0x00000494       0x54 .\CortexM0\ARM_GCC_473\Debug\UART_Bootloader.a(UART_SPI_UART.o)
                0x00000494                UART_SpiUartClearRxBuffer
 .text.UART_SpiUartWriteTxData
                0x000004e8       0x68 .\CortexM0\ARM_GCC_473\Debug\UART_Bootloader.a(UART_SPI_UART.o)
                0x000004e8                UART_SpiUartWriteTxData
 .text.UART_SpiUartPutArray
                0x00000550       0x16 .\CortexM0\ARM_GCC_473\Debug\UART_Bootloader.a(UART_SPI_UART.o)
                0x00000550                UART_SpiUartPutArray
 *fill*         0x00000566        0x2 00
 .text.UART_SpiUartClearTxBuffer
                0x00000568       0x44 .\CortexM0\ARM_GCC_473\Debug\UART_Bootloader.a(UART_SPI_UART.o)
                0x00000568                UART_SpiUartClearTxBuffer
 .text.UART_UartInit
                0x000005ac       0xcc .\CortexM0\ARM_GCC_473\Debug\UART_Bootloader.a(UART_UART.o)
                0x000005ac                UART_UartInit
 .text.UART_SCB_IRQ_SetVector
                0x00000678        0xc .\CortexM0\ARM_GCC_473\Debug\UART_Bootloader.a(UART_SCB_IRQ.o)
                0x00000678                UART_SCB_IRQ_SetVector
 .text.UART_SCB_IRQ_SetPriority
                0x00000684       0x28 .\CortexM0\ARM_GCC_473\Debug\UART_Bootloader.a(UART_SCB_IRQ.o)
                0x00000684                UART_SCB_IRQ_SetPriority
 .text.UART_SCB_IRQ_Enable
                0x000006ac       0x10 .\CortexM0\ARM_GCC_473\Debug\UART_Bootloader.a(UART_SCB_IRQ.o)
                0x000006ac                UART_SCB_IRQ_Enable
 .text.UART_SCB_IRQ_Disable
                0x000006bc       0x10 .\CortexM0\ARM_GCC_473\Debug\UART_Bootloader.a(UART_SCB_IRQ.o)
                0x000006bc                UART_SCB_IRQ_Disable
 *fill*         0x000006cc        0x4 00
 .text          0x000006d0       0x20 .\CortexM0\ARM_GCC_473\Debug\UART_Bootloader.a(CyBootAsmGnu.o)
                0x000006d0                CyDelayCycles
                0x000006e2                CyEnterCriticalSection
                0x000006ea                CyExitCriticalSection
 .text.CyHalt   0x000006f0        0x4 .\CortexM0\ARM_GCC_473\Debug\UART_Bootloader.a(CyLib.o)
                0x000006f0                CyHalt
 .text.CySoftwareReset
                0x000006f4       0x18 .\CortexM0\ARM_GCC_473\Debug\UART_Bootloader.a(CyLib.o)
                0x000006f4                CySoftwareReset
 .text.CyDelay  0x0000070c       0x2c .\CortexM0\ARM_GCC_473\Debug\UART_Bootloader.a(CyLib.o)
                0x0000070c                CyDelay
 .text.CyDelayUs
                0x00000738       0x14 .\CortexM0\ARM_GCC_473\Debug\UART_Bootloader.a(CyLib.o)
                0x00000738                CyDelayUs
 .text.Bootloader_LaunchBootloadable
                0x0000074c        0x2 .\CortexM0\ARM_GCC_473\Debug\UART_Bootloader.a(Bootloader.o)
 *fill*         0x0000074e        0x2 00
 .text.Bootloader_GetMetadata.constprop.2
                0x00000750       0x90 .\CortexM0\ARM_GCC_473\Debug\UART_Bootloader.a(Bootloader.o)
 .text.Bootloader_ValidateBootloadable.constprop.1
                0x000007e0       0x58 .\CortexM0\ARM_GCC_473\Debug\UART_Bootloader.a(Bootloader.o)
 .text.Bootloader_HostLink.constprop.0
                0x00000838      0x2b8 .\CortexM0\ARM_GCC_473\Debug\UART_Bootloader.a(Bootloader.o)
 .text.Bootloader_Start
                0x00000af0       0x5c .\CortexM0\ARM_GCC_473\Debug\UART_Bootloader.a(Bootloader.o)
                0x00000af0                Bootloader_Start
 .text.CyBtldr_CheckLaunch
                0x00000b4c       0x38 .\CortexM0\ARM_GCC_473\Debug\UART_Bootloader.a(Bootloader.o)
                0x00000b4c                CyBtldr_CheckLaunch
 .text.PWM_Init
                0x00000b84       0x58 .\CortexM0\ARM_GCC_473\Debug\UART_Bootloader.a(PWM.o)
                0x00000b84                PWM_Init
 .text.PWM_Enable
                0x00000bdc       0x1c .\CortexM0\ARM_GCC_473\Debug\UART_Bootloader.a(PWM.o)
                0x00000bdc                PWM_Enable
 .text.PWM_Start
                0x00000bf8       0x1c .\CortexM0\ARM_GCC_473\Debug\UART_Bootloader.a(PWM.o)
                0x00000bf8                PWM_Start
 .text.Boot_P0_7_Read
                0x00000c14       0x10 .\CortexM0\ARM_GCC_473\Debug\UART_Bootloader.a(Boot_P0_7.o)
                0x00000c14                Boot_P0_7_Read
 .text.UART_SPI_UART_ISR
                0x00000c24       0xe0 .\CortexM0\ARM_GCC_473\Debug\UART_Bootloader.a(UART_SPI_UART_INT.o)
                0x00000c24                UART_SPI_UART_ISR
 .text.CySysFlashWriteRow
                0x00000d04       0xc0 .\CortexM0\ARM_GCC_473\Debug\UART_Bootloader.a(CyFlash.o)
                0x00000d04                CySysFlashWriteRow
 .text          0x00000dc4       0x14 c:/program files (x86)/cypress/psoc creator/3.0/psoc creator/import/gnu_cs/arm/4.7.3/bin/../lib/gcc/arm-none-eabi/4.7.3/armv6-m\libgcc.a(_thumb1_case_sqi.o)
                0x00000dc4                __gnu_thumb1_case_sqi
 .text          0x00000dd8       0x14 c:/program files (x86)/cypress/psoc creator/3.0/psoc creator/import/gnu_cs/arm/4.7.3/bin/../lib/gcc/arm-none-eabi/4.7.3/armv6-m\libgcc.a(_thumb1_case_uqi.o)
                0x00000dd8                __gnu_thumb1_case_uqi
 .text.__libc_init_array
                0x00000dec       0x4c c:/program files (x86)/cypress/psoc creator/3.0/psoc creator/import/gnu_cs/arm/4.7.3/bin/../lib/gcc/arm-none-eabi/4.7.3/../../../../arm-none-eabi/lib/armv6-m\libc_s.a(lib_a-init.o)
                0x00000dec                __libc_init_array
 .text.memcpy   0x00000e38       0x12 c:/program files (x86)/cypress/psoc creator/3.0/psoc creator/import/gnu_cs/arm/4.7.3/bin/../lib/gcc/arm-none-eabi/4.7.3/../../../../arm-none-eabi/lib/armv6-m\libc_s.a(lib_a-memcpy.o)
                0x00000e38                memcpy
 .text.memset   0x00000e4a       0x12 c:/program files (x86)/cypress/psoc creator/3.0/psoc creator/import/gnu_cs/arm/4.7.3/bin/../lib/gcc/arm-none-eabi/4.7.3/../../../../arm-none-eabi/lib/armv6-m\libc_s.a(lib_a-memset.o)
                0x00000e4a                memset
 *(.plt)
 *(.gnu.warning)
 *(.glue_7t)
 .glue_7t       0x00000000        0x0 linker stubs
 *(.glue_7)
 .glue_7        0x00000000        0x0 linker stubs
 *(.vfp11_veneer)
 .vfp11_veneer  0x00000000        0x0 linker stubs
 *(.bootloader)
 .bootloader    0x00000e5c        0x8 .\CortexM0\ARM_GCC_473\Debug\UART_Bootloader.a(Bootloader.o)
                0x00000e5c                Bootloader_SizeBytes
                0x00000e60                Bootloader_Checksum
 *(.ARM.extab* .gnu.linkonce.armextab.*)
 *(.gcc_except_table)

.v4_bx          0x00000e64        0x0
 .v4_bx         0x00000000        0x0 linker stubs

.iplt           0x00000e64        0x0
 .iplt          0x00000000        0x0 c:/program files (x86)/cypress/psoc creator/3.0/psoc creator/import/gnu_cs/arm/4.7.3/bin/../lib/gcc/arm-none-eabi/4.7.3/armv6-m/crtbegin.o

.eh_frame_hdr
 *(.eh_frame_hdr)

.eh_frame       0x00000e64        0x4
 *(.eh_frame)
 .eh_frame      0x00000e64        0x0 c:/program files (x86)/cypress/psoc creator/3.0/psoc creator/import/gnu_cs/arm/4.7.3/bin/../lib/gcc/arm-none-eabi/4.7.3/armv6-m/crtbegin.o
 .eh_frame      0x00000e64        0x4 c:/program files (x86)/cypress/psoc creator/3.0/psoc creator/import/gnu_cs/arm/4.7.3/bin/../lib/gcc/arm-none-eabi/4.7.3/armv6-m/crtend.o
                0x00000e68                PROVIDE (__exidx_start, .)

.ARM.exidx
 *(.ARM.exidx* .gnu.linkonce.armexidx.*)
                0x00000e68                __exidx_end = .

.rodata         0x00000e68       0x60
 *(.rodata .rodata.* .gnu.linkonce.r.*)
 .rodata        0x00000e68       0x24 .\CortexM0\ARM_GCC_473\Debug\UART_Bootloader.a(cyfitter_cfg.o)
 .rodata        0x00000e8c        0x8 .\CortexM0\ARM_GCC_473\Debug\UART_Bootloader.a(Bootloader.o)
                0x00000e94                . = ALIGN (0x4)
 *(.init)
 .init          0x00000e94        0x4 c:/program files (x86)/cypress/psoc creator/3.0/psoc creator/import/gnu_cs/arm/4.7.3/bin/../lib/gcc/arm-none-eabi/4.7.3/armv6-m/crti.o
                0x00000e94                _init
 .init          0x00000e98        0x8 c:/program files (x86)/cypress/psoc creator/3.0/psoc creator/import/gnu_cs/arm/4.7.3/bin/../lib/gcc/arm-none-eabi/4.7.3/armv6-m/crtn.o
                0x00000ea0                . = ALIGN (0x4)
                0x00000ea0                __preinit_array_start = .
 *(.preinit_array)
                0x00000ea0                __preinit_array_end = .
                0x00000ea0                . = ALIGN (0x4)
                0x00000ea0                __init_array_start = .
 *(SORT(.init_array.*))
 *(.init_array)
 .init_array    0x00000ea0        0x4 c:/program files (x86)/cypress/psoc creator/3.0/psoc creator/import/gnu_cs/arm/4.7.3/bin/../lib/gcc/arm-none-eabi/4.7.3/armv6-m/crtbegin.o
 .init_array    0x00000ea4        0x4 .\CortexM0\ARM_GCC_473\Debug\Cm0Start.o
                0x00000ea8                __init_array_end = .
                0x00000ea8                . = ALIGN (0x4)
 *(.fini)
 .fini          0x00000ea8        0x4 c:/program files (x86)/cypress/psoc creator/3.0/psoc creator/import/gnu_cs/arm/4.7.3/bin/../lib/gcc/arm-none-eabi/4.7.3/armv6-m/crti.o
                0x00000ea8                _fini
 .fini          0x00000eac        0x8 c:/program files (x86)/cypress/psoc creator/3.0/psoc creator/import/gnu_cs/arm/4.7.3/bin/../lib/gcc/arm-none-eabi/4.7.3/armv6-m/crtn.o
                0x00000eb4                . = ALIGN (0x4)
                0x00000eb4                __fini_array_start = .
 *(.fini_array)
 .fini_array    0x00000eb4        0x4 c:/program files (x86)/cypress/psoc creator/3.0/psoc creator/import/gnu_cs/arm/4.7.3/bin/../lib/gcc/arm-none-eabi/4.7.3/armv6-m/crtbegin.o
 *(SORT(.fini_array.*))
                0x00000eb8                __fini_array_end = .
                0x00000eb8                . = ALIGN (0x4)
 *crtbegin.o(.ctors)
 *(EXCLUDE_FILE(*crtend.o) .ctors)
 *(SORT(.ctors.*))
 *crtend.o(.ctors)
                0x00000eb8                . = ALIGN (0x4)
 *crtbegin.o(.dtors)
 *(EXCLUDE_FILE(*crtend.o) .dtors)
 *(SORT(.dtors.*))
 *crtend.o(.dtors)
                0x00000eb8                . = ALIGN (0x4)
                0x00000eb8                __cy_regions = .
                0x00000eb8        0x4 LONG 0xec8 __cy_region_init_ram
                0x00000ebc        0x4 LONG 0x200000d0 __cy_region_start_data
                0x00000ec0        0x4 LONG 0x20 __cy_region_init_size_ram
                0x00000ec4        0x4 LONG 0xc0 __cy_region_zero_size_ram
                0x00000ec8                __cy_regions_end = .
                0x00000ec8                . = ALIGN (0x8)
                0x00000ec8                _etext = .

.ramvectors     0x20000000       0xc0
                0x20000000                __cy_region_start_ram = .
 *(.ramvectors)
 .ramvectors    0x20000000       0xc0 .\CortexM0\ARM_GCC_473\Debug\Cm0Start.o
                0x20000000                CyRamVectors

.btldr_run      0x200000c0        0x4
 *(.bootloaderruntype)
 .bootloaderruntype
                0x200000c0        0x4 .\CortexM0\ARM_GCC_473\Debug\Cm0Start.o
                0x200000c0                cyBtldrRunType

.noinit         0x200000c8        0x4
 *(.noinit)
 .noinit        0x200000c8        0x4 .\CortexM0\ARM_GCC_473\Debug\Cm0Start.o

.data           0x200000d0       0x20 load address 0x00000ec8
                0x200000d0                __cy_region_start_data = .
 *(.jcr)
 .jcr           0x200000d0        0x0 c:/program files (x86)/cypress/psoc creator/3.0/psoc creator/import/gnu_cs/arm/4.7.3/bin/../lib/gcc/arm-none-eabi/4.7.3/armv6-m/crtbegin.o
 .jcr           0x200000d0        0x4 c:/program files (x86)/cypress/psoc creator/3.0/psoc creator/import/gnu_cs/arm/4.7.3/bin/../lib/gcc/arm-none-eabi/4.7.3/armv6-m/crtend.o
 *(.got.plt)
 *(.got)
 *(.shdata)
 *(.data .data.* .gnu.linkonce.d.*)
 .data          0x200000d4       0x10 .\CortexM0\ARM_GCC_473\Debug\UART_Bootloader.a(CyLib.o)
                0x200000d4                cydelay32kMs
                0x200000d8                cydelayFreqKhz
                0x200000dc                cydelayFreqMhz
                0x200000e0                cydelayFreqHz
 .data          0x200000e4        0x8 .\CortexM0\ARM_GCC_473\Debug\UART_Bootloader.a(Bootloader.o)
                0x200000e4                Bootloader_SizeBytesAccess
                0x200000e8                Bootloader_ChecksumAccess
                0x200000f0                . = ALIGN (0x8)
 *fill*         0x200000ec        0x4 00
 *(.ram)
                0x200000f0                _edata = .

.igot.plt       0x200000f0        0x0 load address 0x00000ee8
 .igot.plt      0x00000000        0x0 c:/program files (x86)/cypress/psoc creator/3.0/psoc creator/import/gnu_cs/arm/4.7.3/bin/../lib/gcc/arm-none-eabi/4.7.3/armv6-m/crtbegin.o

.bss            0x200000f0       0xc0 load address 0x00000ee8
                0x200000f0                PROVIDE (__bss_start__, .)
 *(.shbss)
 *(.bss .bss.* .gnu.linkonce.b.*)
 .bss           0x200000f0       0x1c c:/program files (x86)/cypress/psoc creator/3.0/psoc creator/import/gnu_cs/arm/4.7.3/bin/../lib/gcc/arm-none-eabi/4.7.3/armv6-m/crtbegin.o
 .bss           0x2000010c        0x2 .\CortexM0\ARM_GCC_473\Debug\UART_Btldr.o
                0x2000010c                receivedDataCount
 *fill*         0x2000010e        0x2 00
 .bss           0x20000110        0x8 .\CortexM0\ARM_GCC_473\Debug\UART_Bootloader.a(UART.o)
                0x20000110                UART_initVar
                0x20000114                UART_customIntrHandler
 .bss           0x20000118        0x1 .\CortexM0\ARM_GCC_473\Debug\UART_Bootloader.a(PWM.o)
                0x20000118                PWM_initVar
 *(COMMON)
 *fill*         0x20000119        0x3 00
 COMMON         0x2000011c       0x94 .\CortexM0\ARM_GCC_473\Debug\UART_Bootloader.a(UART_SPI_UART.o)
                0x2000011c                UART_txBufferTail
                0x20000120                UART_txBufferHead
                0x20000124                UART_rxBufferTail
                0x20000128                UART_txBufferInternal
                0x20000168                UART_rxBufferInternal
                0x200001a9                UART_rxBufferOverflow
                0x200001ac                UART_rxBufferHead
                0x200001b0                . = ALIGN (0x8)
 *(.ram.b)
                0x200001b0                _end = .
                0x200001b0                __end = .
                0x200001b0                PROVIDE (end, .)
                0x200001b0                PROVIDE (__bss_end__, .)
                0x00000ec8                __cy_region_init_ram = LOADADDR (.data)
                0x00000020                __cy_region_init_size_ram = (_edata - ADDR (.data))
                0x000000c0                __cy_region_zero_size_ram = (_end - _edata)

.heap           0x200001b0      0x100 load address 0x00000ee8
                0x200001b0                . = _end
                0x200002b0                . = (. + 0x100)
 *fill*         0x200001b0      0x100 00
                0x200002b0                __cy_heap_limit = .

.stack          0x20000c00      0x400
                0x20000c00                __cy_stack_limit = .
                0x20001000                . = (. + 0x400)
 *fill*         0x20000c00      0x400 00
                0x00000001                ASSERT ((__cy_stack_limit >= __cy_heap_limit), region RAM overflowed with stack)

.cyloadermeta   0x00007fc0       0x40
 *(.cyloadermeta)
 .cyloadermeta  0x00007fc0       0x40 .\CortexM0\ARM_GCC_473\Debug\cymetadata.o
                0x00007fc0                cy_meta_loader

.cyloadablemeta
 *(.cyloadablemeta)

.cyflashprotect
                0x90400000       0x20
 *(.cyflashprotect)
 .cyflashprotect
                0x90400000       0x20 .\CortexM0\ARM_GCC_473\Debug\cymetadata.o
                0x90400000                cy_meta_flashprotect

.cymeta         0x90500000        0xc
 *(.cymeta)
 .cymeta        0x90500000        0xc .\CortexM0\ARM_GCC_473\Debug\cymetadata.o
                0x90500000                cy_metadata

.cychipprotect  0x90600000        0x1
 *(.cychipprotect)
 .cychipprotect
                0x90600000        0x1 .\CortexM0\ARM_GCC_473\Debug\cymetadata.o
                0x90600000                cy_meta_chipprotect

.rel.dyn        0x00000ee8        0x0 load address 0x90600004
 .rel.iplt      0x00000000        0x0 c:/program files (x86)/cypress/psoc creator/3.0/psoc creator/import/gnu_cs/arm/4.7.3/bin/../lib/gcc/arm-none-eabi/4.7.3/armv6-m/crtbegin.o

.stab
 *(.stab)

.stabstr
 *(.stabstr)

.debug
 *(.debug)

.line
 *(.line)

.debug_srcinfo
 *(.debug_srcinfo)

.debug_sfnames
 *(.debug_sfnames)

.debug_aranges  0x00000000      0x630
 *(.debug_aranges)
 .debug_aranges
                0x00000000       0x20 .\CortexM0\ARM_GCC_473\Debug\main.o
 .debug_aranges
                0x00000020       0x40 .\CortexM0\ARM_GCC_473\Debug\UART_Btldr.o
 .debug_aranges
                0x00000060       0x18 .\CortexM0\ARM_GCC_473\Debug\cymetadata.o
 .debug_aranges
                0x00000078       0x40 .\CortexM0\ARM_GCC_473\Debug\Cm0Start.o
 .debug_aranges
                0x000000b8       0x20 .\CortexM0\ARM_GCC_473\Debug\UART_Bootloader.a(cyfitter_cfg.o)
 .debug_aranges
                0x000000d8       0x40 .\CortexM0\ARM_GCC_473\Debug\UART_Bootloader.a(UART.o)
 .debug_aranges
                0x00000118       0x60 .\CortexM0\ARM_GCC_473\Debug\UART_Bootloader.a(UART_SPI_UART.o)
 .debug_aranges
                0x00000178       0x50 .\CortexM0\ARM_GCC_473\Debug\UART_Bootloader.a(UART_UART.o)
 .debug_aranges
                0x000001c8       0x80 .\CortexM0\ARM_GCC_473\Debug\UART_Bootloader.a(UART_SCB_IRQ.o)
 .debug_aranges
                0x00000248       0x20 .\CortexM0\ARM_GCC_473\Debug\UART_Bootloader.a(CyBootAsmGnu.o)
 .debug_aranges
                0x00000268      0x198 .\CortexM0\ARM_GCC_473\Debug\UART_Bootloader.a(CyLib.o)
 .debug_aranges
                0x00000400       0x50 .\CortexM0\ARM_GCC_473\Debug\UART_Bootloader.a(Bootloader.o)
 .debug_aranges
                0x00000450      0x158 .\CortexM0\ARM_GCC_473\Debug\UART_Bootloader.a(PWM.o)
 .debug_aranges
                0x000005a8       0x40 .\CortexM0\ARM_GCC_473\Debug\UART_Bootloader.a(Boot_P0_7.o)
 .debug_aranges
                0x000005e8       0x20 .\CortexM0\ARM_GCC_473\Debug\UART_Bootloader.a(UART_SPI_UART_INT.o)
 .debug_aranges
                0x00000608       0x28 .\CortexM0\ARM_GCC_473\Debug\UART_Bootloader.a(CyFlash.o)

.debug_pubnames
 *(.debug_pubnames)

.debug_info     0x00000000     0x43f7
 *(.debug_info .gnu.linkonce.wi.*)
 .debug_info    0x00000000      0x14f .\CortexM0\ARM_GCC_473\Debug\main.o
 .debug_info    0x0000014f      0x37d .\CortexM0\ARM_GCC_473\Debug\UART_Btldr.o
 .debug_info    0x000004cc      0x127 .\CortexM0\ARM_GCC_473\Debug\cymetadata.o
 .debug_info    0x000005f3      0x331 .\CortexM0\ARM_GCC_473\Debug\Cm0Start.o
 .debug_info    0x00000924      0x4ec .\CortexM0\ARM_GCC_473\Debug\UART_Bootloader.a(cyfitter_cfg.o)
 .debug_info    0x00000e10      0x219 .\CortexM0\ARM_GCC_473\Debug\UART_Bootloader.a(UART.o)
 .debug_info    0x00001029      0x3c4 .\CortexM0\ARM_GCC_473\Debug\UART_Bootloader.a(UART_SPI_UART.o)
 .debug_info    0x000013ed      0x396 .\CortexM0\ARM_GCC_473\Debug\UART_Bootloader.a(UART_UART.o)
 .debug_info    0x00001783      0x38e .\CortexM0\ARM_GCC_473\Debug\UART_Bootloader.a(UART_SCB_IRQ.o)
 .debug_info    0x00001b11       0xa1 .\CortexM0\ARM_GCC_473\Debug\UART_Bootloader.a(CyBootAsmGnu.o)
 .debug_info    0x00001bb2      0xe66 .\CortexM0\ARM_GCC_473\Debug\UART_Bootloader.a(CyLib.o)
 .debug_info    0x00002a18      0xaac .\CortexM0\ARM_GCC_473\Debug\UART_Bootloader.a(Bootloader.o)
 .debug_info    0x000034c4      0x9de .\CortexM0\ARM_GCC_473\Debug\UART_Bootloader.a(PWM.o)
 .debug_info    0x00003ea2      0x168 .\CortexM0\ARM_GCC_473\Debug\UART_Bootloader.a(Boot_P0_7.o)
 .debug_info    0x0000400a      0x1a5 .\CortexM0\ARM_GCC_473\Debug\UART_Bootloader.a(UART_SPI_UART_INT.o)
 .debug_info    0x000041af      0x248 .\CortexM0\ARM_GCC_473\Debug\UART_Bootloader.a(CyFlash.o)

.debug_abbrev   0x00000000     0x1872
 *(.debug_abbrev)
 .debug_abbrev  0x00000000       0xed .\CortexM0\ARM_GCC_473\Debug\main.o
 .debug_abbrev  0x000000ed      0x155 .\CortexM0\ARM_GCC_473\Debug\UART_Btldr.o
 .debug_abbrev  0x00000242       0x5d .\CortexM0\ARM_GCC_473\Debug\cymetadata.o
 .debug_abbrev  0x0000029f      0x1b7 .\CortexM0\ARM_GCC_473\Debug\Cm0Start.o
 .debug_abbrev  0x00000456      0x27f .\CortexM0\ARM_GCC_473\Debug\UART_Bootloader.a(cyfitter_cfg.o)
 .debug_abbrev  0x000006d5      0x11f .\CortexM0\ARM_GCC_473\Debug\UART_Bootloader.a(UART.o)
 .debug_abbrev  0x000007f4      0x1af .\CortexM0\ARM_GCC_473\Debug\UART_Bootloader.a(UART_SPI_UART.o)
 .debug_abbrev  0x000009a3      0x1b9 .\CortexM0\ARM_GCC_473\Debug\UART_Bootloader.a(UART_UART.o)
 .debug_abbrev  0x00000b5c      0x249 .\CortexM0\ARM_GCC_473\Debug\UART_Bootloader.a(UART_SCB_IRQ.o)
 .debug_abbrev  0x00000da5       0x14 .\CortexM0\ARM_GCC_473\Debug\UART_Bootloader.a(CyBootAsmGnu.o)
 .debug_abbrev  0x00000db9      0x331 .\CortexM0\ARM_GCC_473\Debug\UART_Bootloader.a(CyLib.o)
 .debug_abbrev  0x000010ea      0x2fe .\CortexM0\ARM_GCC_473\Debug\UART_Bootloader.a(Bootloader.o)
 .debug_abbrev  0x000013e8      0x1bb .\CortexM0\ARM_GCC_473\Debug\UART_Bootloader.a(PWM.o)
 .debug_abbrev  0x000015a3       0xc6 .\CortexM0\ARM_GCC_473\Debug\UART_Bootloader.a(Boot_P0_7.o)
 .debug_abbrev  0x00001669       0xa9 .\CortexM0\ARM_GCC_473\Debug\UART_Bootloader.a(UART_SPI_UART_INT.o)
 .debug_abbrev  0x00001712      0x160 .\CortexM0\ARM_GCC_473\Debug\UART_Bootloader.a(CyFlash.o)

.debug_line     0x00000000     0x19d5
 *(.debug_line)
 .debug_line    0x00000000       0x9d .\CortexM0\ARM_GCC_473\Debug\main.o
 .debug_line    0x0000009d      0x134 .\CortexM0\ARM_GCC_473\Debug\UART_Btldr.o
 .debug_line    0x000001d1       0x53 .\CortexM0\ARM_GCC_473\Debug\cymetadata.o
 .debug_line    0x00000224      0x18c .\CortexM0\ARM_GCC_473\Debug\Cm0Start.o
 .debug_line    0x000003b0      0x1ae .\CortexM0\ARM_GCC_473\Debug\UART_Bootloader.a(cyfitter_cfg.o)
 .debug_line    0x0000055e       0xec .\CortexM0\ARM_GCC_473\Debug\UART_Bootloader.a(UART.o)
 .debug_line    0x0000064a      0x198 .\CortexM0\ARM_GCC_473\Debug\UART_Bootloader.a(UART_SPI_UART.o)
 .debug_line    0x000007e2      0x169 .\CortexM0\ARM_GCC_473\Debug\UART_Bootloader.a(UART_UART.o)
 .debug_line    0x0000094b      0x1ae .\CortexM0\ARM_GCC_473\Debug\UART_Bootloader.a(UART_SCB_IRQ.o)
 .debug_line    0x00000af9       0x68 .\CortexM0\ARM_GCC_473\Debug\UART_Bootloader.a(CyBootAsmGnu.o)
 .debug_line    0x00000b61      0x563 .\CortexM0\ARM_GCC_473\Debug\UART_Bootloader.a(CyLib.o)
 .debug_line    0x000010c4      0x2de .\CortexM0\ARM_GCC_473\Debug\UART_Bootloader.a(Bootloader.o)
 .debug_line    0x000013a2      0x3f5 .\CortexM0\ARM_GCC_473\Debug\UART_Bootloader.a(PWM.o)
 .debug_line    0x00001797       0xba .\CortexM0\ARM_GCC_473\Debug\UART_Bootloader.a(Boot_P0_7.o)
 .debug_line    0x00001851       0xbc .\CortexM0\ARM_GCC_473\Debug\UART_Bootloader.a(UART_SPI_UART_INT.o)
 .debug_line    0x0000190d       0xc8 .\CortexM0\ARM_GCC_473\Debug\UART_Bootloader.a(CyFlash.o)

.debug_frame    0x00000000      0xf9c
 *(.debug_frame)
 .debug_frame   0x00000000       0x2c .\CortexM0\ARM_GCC_473\Debug\main.o
 .debug_frame   0x0000002c       0xac .\CortexM0\ARM_GCC_473\Debug\UART_Btldr.o
 .debug_frame   0x000000d8       0x98 .\CortexM0\ARM_GCC_473\Debug\Cm0Start.o
 .debug_frame   0x00000170       0x38 .\CortexM0\ARM_GCC_473\Debug\UART_Bootloader.a(cyfitter_cfg.o)
 .debug_frame   0x000001a8       0x90 .\CortexM0\ARM_GCC_473\Debug\UART_Bootloader.a(UART.o)
 .debug_frame   0x00000238       0xec .\CortexM0\ARM_GCC_473\Debug\UART_Bootloader.a(UART_SPI_UART.o)
 .debug_frame   0x00000324       0xbc .\CortexM0\ARM_GCC_473\Debug\UART_Bootloader.a(UART_UART.o)
 .debug_frame   0x000003e0      0x108 .\CortexM0\ARM_GCC_473\Debug\UART_Bootloader.a(UART_SCB_IRQ.o)
 .debug_frame   0x000004e8      0x448 .\CortexM0\ARM_GCC_473\Debug\UART_Bootloader.a(CyLib.o)
 .debug_frame   0x00000930       0xe4 .\CortexM0\ARM_GCC_473\Debug\UART_Bootloader.a(Bootloader.o)
 .debug_frame   0x00000a14      0x384 .\CortexM0\ARM_GCC_473\Debug\UART_Bootloader.a(PWM.o)
 .debug_frame   0x00000d98       0x6c .\CortexM0\ARM_GCC_473\Debug\UART_Bootloader.a(Boot_P0_7.o)
 .debug_frame   0x00000e04       0x2c .\CortexM0\ARM_GCC_473\Debug\UART_Bootloader.a(UART_SPI_UART_INT.o)
 .debug_frame   0x00000e30       0x54 .\CortexM0\ARM_GCC_473\Debug\UART_Bootloader.a(CyFlash.o)
 .debug_frame   0x00000e84       0x20 c:/program files (x86)/cypress/psoc creator/3.0/psoc creator/import/gnu_cs/arm/4.7.3/bin/../lib/gcc/arm-none-eabi/4.7.3/armv6-m\libgcc.a(_udivsi3.o)
 .debug_frame   0x00000ea4       0x28 c:/program files (x86)/cypress/psoc creator/3.0/psoc creator/import/gnu_cs/arm/4.7.3/bin/../lib/gcc/arm-none-eabi/4.7.3/../../../../arm-none-eabi/lib/armv6-m\libc_s.a(lib_a-__atexit2.o)
 .debug_frame   0x00000ecc       0x28 c:/program files (x86)/cypress/psoc creator/3.0/psoc creator/import/gnu_cs/arm/4.7.3/bin/../lib/gcc/arm-none-eabi/4.7.3/../../../../arm-none-eabi/lib/armv6-m\libc_s.a(lib_a-exit.o)
 .debug_frame   0x00000ef4       0x2c c:/program files (x86)/cypress/psoc creator/3.0/psoc creator/import/gnu_cs/arm/4.7.3/bin/../lib/gcc/arm-none-eabi/4.7.3/../../../../arm-none-eabi/lib/armv6-m\libc_s.a(lib_a-fini.o)
 .debug_frame   0x00000f20       0x2c c:/program files (x86)/cypress/psoc creator/3.0/psoc creator/import/gnu_cs/arm/4.7.3/bin/../lib/gcc/arm-none-eabi/4.7.3/../../../../arm-none-eabi/lib/armv6-m\libc_s.a(lib_a-init.o)
 .debug_frame   0x00000f4c       0x28 c:/program files (x86)/cypress/psoc creator/3.0/psoc creator/import/gnu_cs/arm/4.7.3/bin/../lib/gcc/arm-none-eabi/4.7.3/../../../../arm-none-eabi/lib/armv6-m\libc_s.a(lib_a-memcpy.o)
 .debug_frame   0x00000f74       0x28 c:/program files (x86)/cypress/psoc creator/3.0/psoc creator/import/gnu_cs/arm/4.7.3/bin/../lib/gcc/arm-none-eabi/4.7.3/../../../../arm-none-eabi/lib/armv6-m\libc_s.a(lib_a-memset.o)

.debug_str      0x00000000     0x16e3
 *(.debug_str)
 .debug_str     0x00000000      0x164 .\CortexM0\ARM_GCC_473\Debug\main.o
                                0x19d (size before relaxing)
 .debug_str     0x00000164      0x157 .\CortexM0\ARM_GCC_473\Debug\UART_Btldr.o
                                0x2b7 (size before relaxing)
 .debug_str     0x000002bb       0x6a .\CortexM0\ARM_GCC_473\Debug\cymetadata.o
                                0x1a9 (size before relaxing)
 .debug_str     0x00000325      0x13c .\CortexM0\ARM_GCC_473\Debug\Cm0Start.o
                                0x2aa (size before relaxing)
 .debug_str     0x00000461      0x18a .\CortexM0\ARM_GCC_473\Debug\UART_Bootloader.a(cyfitter_cfg.o)
                                0x320 (size before relaxing)
 .debug_str     0x000005eb       0xf3 .\CortexM0\ARM_GCC_473\Debug\UART_Bootloader.a(UART.o)
                                0x261 (size before relaxing)
 .debug_str     0x000006de      0x159 .\CortexM0\ARM_GCC_473\Debug\UART_Bootloader.a(UART_SPI_UART.o)
                                0x32c (size before relaxing)
 .debug_str     0x00000837      0x100 .\CortexM0\ARM_GCC_473\Debug\UART_Bootloader.a(UART_UART.o)
                                0x366 (size before relaxing)
 .debug_str     0x00000937      0x12b .\CortexM0\ARM_GCC_473\Debug\UART_Bootloader.a(UART_SCB_IRQ.o)
                                0x30c (size before relaxing)
 .debug_str     0x00000a62      0x4b9 .\CortexM0\ARM_GCC_473\Debug\UART_Bootloader.a(CyLib.o)
                                0x696 (size before relaxing)
 .debug_str     0x00000f1b      0x306 .\CortexM0\ARM_GCC_473\Debug\UART_Bootloader.a(Bootloader.o)
                                0x512 (size before relaxing)
 .debug_str     0x00001221      0x38a .\CortexM0\ARM_GCC_473\Debug\UART_Bootloader.a(PWM.o)
                                0x51d (size before relaxing)
 .debug_str     0x000015ab       0x8e .\CortexM0\ARM_GCC_473\Debug\UART_Bootloader.a(Boot_P0_7.o)
                                0x1eb (size before relaxing)
 .debug_str     0x00001639       0x46 .\CortexM0\ARM_GCC_473\Debug\UART_Bootloader.a(UART_SPI_UART_INT.o)
                                0x250 (size before relaxing)
 .debug_str     0x0000167f       0x64 .\CortexM0\ARM_GCC_473\Debug\UART_Bootloader.a(CyFlash.o)
                                0x22a (size before relaxing)

.debug_loc      0x00000000     0x2f61
 *(.debug_loc)
 .debug_loc     0x00000000       0x34 .\CortexM0\ARM_GCC_473\Debug\main.o
 .debug_loc     0x00000034      0x2bd .\CortexM0\ARM_GCC_473\Debug\UART_Btldr.o
 .debug_loc     0x000002f1      0x142 .\CortexM0\ARM_GCC_473\Debug\Cm0Start.o
 .debug_loc     0x00000433      0x12d .\CortexM0\ARM_GCC_473\Debug\UART_Bootloader.a(cyfitter_cfg.o)
 .debug_loc     0x00000560       0x80 .\CortexM0\ARM_GCC_473\Debug\UART_Bootloader.a(UART.o)
 .debug_loc     0x000005e0      0x224 .\CortexM0\ARM_GCC_473\Debug\UART_Bootloader.a(UART_SPI_UART.o)
 .debug_loc     0x00000804      0x1d2 .\CortexM0\ARM_GCC_473\Debug\UART_Bootloader.a(UART_UART.o)
 .debug_loc     0x000009d6      0x10b .\CortexM0\ARM_GCC_473\Debug\UART_Bootloader.a(UART_SCB_IRQ.o)
 .debug_loc     0x00000ae1      0xd57 .\CortexM0\ARM_GCC_473\Debug\UART_Bootloader.a(CyLib.o)
 .debug_loc     0x00001838      0xc55 .\CortexM0\ARM_GCC_473\Debug\UART_Bootloader.a(Bootloader.o)
 .debug_loc     0x0000248d      0x7c7 .\CortexM0\ARM_GCC_473\Debug\UART_Bootloader.a(PWM.o)
 .debug_loc     0x00002c54       0x9d .\CortexM0\ARM_GCC_473\Debug\UART_Bootloader.a(Boot_P0_7.o)
 .debug_loc     0x00002cf1       0x59 .\CortexM0\ARM_GCC_473\Debug\UART_Bootloader.a(UART_SPI_UART_INT.o)
 .debug_loc     0x00002d4a      0x217 .\CortexM0\ARM_GCC_473\Debug\UART_Bootloader.a(CyFlash.o)

.debug_macinfo
 *(.debug_macinfo)

.debug_ranges   0x00000000      0x7d8
 *(.debug_ranges)
 .debug_ranges  0x00000000       0x10 .\CortexM0\ARM_GCC_473\Debug\main.o
 .debug_ranges  0x00000010       0x30 .\CortexM0\ARM_GCC_473\Debug\UART_Btldr.o
 .debug_ranges  0x00000040       0x30 .\CortexM0\ARM_GCC_473\Debug\Cm0Start.o
 .debug_ranges  0x00000070       0x88 .\CortexM0\ARM_GCC_473\Debug\UART_Bootloader.a(cyfitter_cfg.o)
 .debug_ranges  0x000000f8       0x30 .\CortexM0\ARM_GCC_473\Debug\UART_Bootloader.a(UART.o)
 .debug_ranges  0x00000128       0xc0 .\CortexM0\ARM_GCC_473\Debug\UART_Bootloader.a(UART_SPI_UART.o)
 .debug_ranges  0x000001e8       0x40 .\CortexM0\ARM_GCC_473\Debug\UART_Bootloader.a(UART_UART.o)
 .debug_ranges  0x00000228      0x130 .\CortexM0\ARM_GCC_473\Debug\UART_Bootloader.a(UART_SCB_IRQ.o)
 .debug_ranges  0x00000358      0x1f0 .\CortexM0\ARM_GCC_473\Debug\UART_Bootloader.a(CyLib.o)
 .debug_ranges  0x00000548       0xa8 .\CortexM0\ARM_GCC_473\Debug\UART_Bootloader.a(Bootloader.o)
 .debug_ranges  0x000005f0      0x190 .\CortexM0\ARM_GCC_473\Debug\UART_Bootloader.a(PWM.o)
 .debug_ranges  0x00000780       0x30 .\CortexM0\ARM_GCC_473\Debug\UART_Bootloader.a(Boot_P0_7.o)
 .debug_ranges  0x000007b0       0x10 .\CortexM0\ARM_GCC_473\Debug\UART_Bootloader.a(UART_SPI_UART_INT.o)
 .debug_ranges  0x000007c0       0x18 .\CortexM0\ARM_GCC_473\Debug\UART_Bootloader.a(CyFlash.o)

.comment        0x00000000       0x70
 .comment       0x00000000       0x70 .\CortexM0\ARM_GCC_473\Debug\main.o
                                 0x71 (size before relaxing)
 .comment       0x00000000       0x71 .\CortexM0\ARM_GCC_473\Debug\UART_Btldr.o
 .comment       0x00000000       0x71 .\CortexM0\ARM_GCC_473\Debug\cymetadata.o
 .comment       0x00000000       0x71 .\CortexM0\ARM_GCC_473\Debug\Cm0Start.o
 .comment       0x00000000       0x71 .\CortexM0\ARM_GCC_473\Debug\UART_Bootloader.a(cyfitter_cfg.o)
 .comment       0x00000000       0x71 .\CortexM0\ARM_GCC_473\Debug\UART_Bootloader.a(UART.o)
 .comment       0x00000000       0x71 .\CortexM0\ARM_GCC_473\Debug\UART_Bootloader.a(UART_SPI_UART.o)
 .comment       0x00000000       0x71 .\CortexM0\ARM_GCC_473\Debug\UART_Bootloader.a(UART_UART.o)
 .comment       0x00000000       0x71 .\CortexM0\ARM_GCC_473\Debug\UART_Bootloader.a(UART_SCB_IRQ.o)
 .comment       0x00000000       0x71 .\CortexM0\ARM_GCC_473\Debug\UART_Bootloader.a(CyLib.o)
 .comment       0x00000000       0x71 .\CortexM0\ARM_GCC_473\Debug\UART_Bootloader.a(Bootloader.o)
 .comment       0x00000000       0x71 .\CortexM0\ARM_GCC_473\Debug\UART_Bootloader.a(PWM.o)
 .comment       0x00000000       0x71 .\CortexM0\ARM_GCC_473\Debug\UART_Bootloader.a(Boot_P0_7.o)
 .comment       0x00000000       0x71 .\CortexM0\ARM_GCC_473\Debug\UART_Bootloader.a(UART_SPI_UART_INT.o)
 .comment       0x00000000       0x71 .\CortexM0\ARM_GCC_473\Debug\UART_Bootloader.a(CyFlash.o)

.debug_weaknames
 *(.debug_weaknames)

.debug_funcnames
 *(.debug_funcnames)

.debug_typenames
 *(.debug_typenames)

.debug_varnames
 *(.debug_varnames)

.note.gnu.arm.ident
 *(.note.gnu.arm.ident)

.ARM.attributes
                0x00000000       0x28
 *(.ARM.attributes)
 .ARM.attributes
                0x00000000       0x1e c:/program files (x86)/cypress/psoc creator/3.0/psoc creator/import/gnu_cs/arm/4.7.3/bin/../lib/gcc/arm-none-eabi/4.7.3/armv6-m/crti.o
 .ARM.attributes
                0x0000001e       0x2c c:/program files (x86)/cypress/psoc creator/3.0/psoc creator/import/gnu_cs/arm/4.7.3/bin/../lib/gcc/arm-none-eabi/4.7.3/armv6-m/crtbegin.o
 .ARM.attributes
                0x0000004a       0x1c c:/program files (x86)/cypress/psoc creator/3.0/psoc creator/import/gnu_cs/arm/4.7.3/bin/../lib/gcc/arm-none-eabi/4.7.3/../../../../arm-none-eabi/lib/armv6-m/crt0.o
 .ARM.attributes
                0x00000066       0x31 .\CortexM0\ARM_GCC_473\Debug\main.o
 .ARM.attributes
                0x00000097       0x31 .\CortexM0\ARM_GCC_473\Debug\UART_Btldr.o
 .ARM.attributes
                0x000000c8       0x31 .\CortexM0\ARM_GCC_473\Debug\cymetadata.o
 .ARM.attributes
                0x000000f9       0x31 .\CortexM0\ARM_GCC_473\Debug\Cm0Start.o
 .ARM.attributes
                0x0000012a       0x31 .\CortexM0\ARM_GCC_473\Debug\UART_Bootloader.a(cyfitter_cfg.o)
 .ARM.attributes
                0x0000015b       0x31 .\CortexM0\ARM_GCC_473\Debug\UART_Bootloader.a(UART.o)
 .ARM.attributes
                0x0000018c       0x31 .\CortexM0\ARM_GCC_473\Debug\UART_Bootloader.a(UART_SPI_UART.o)
 .ARM.attributes
                0x000001bd       0x31 .\CortexM0\ARM_GCC_473\Debug\UART_Bootloader.a(UART_UART.o)
 .ARM.attributes
                0x000001ee       0x31 .\CortexM0\ARM_GCC_473\Debug\UART_Bootloader.a(UART_SCB_IRQ.o)
 .ARM.attributes
                0x0000021f       0x21 .\CortexM0\ARM_GCC_473\Debug\UART_Bootloader.a(CyBootAsmGnu.o)
 .ARM.attributes
                0x00000240       0x31 .\CortexM0\ARM_GCC_473\Debug\UART_Bootloader.a(CyLib.o)
 .ARM.attributes
                0x00000271       0x31 .\CortexM0\ARM_GCC_473\Debug\UART_Bootloader.a(Bootloader.o)
 .ARM.attributes
                0x000002a2       0x31 .\CortexM0\ARM_GCC_473\Debug\UART_Bootloader.a(PWM.o)
 .ARM.attributes
                0x000002d3       0x31 .\CortexM0\ARM_GCC_473\Debug\UART_Bootloader.a(Boot_P0_7.o)
 .ARM.attributes
                0x00000304       0x31 .\CortexM0\ARM_GCC_473\Debug\UART_Bootloader.a(UART_SPI_UART_INT.o)
 .ARM.attributes
                0x00000335       0x31 .\CortexM0\ARM_GCC_473\Debug\UART_Bootloader.a(CyFlash.o)
 .ARM.attributes
                0x00000366       0x1e c:/program files (x86)/cypress/psoc creator/3.0/psoc creator/import/gnu_cs/arm/4.7.3/bin/../lib/gcc/arm-none-eabi/4.7.3/armv6-m\libgcc.a(_thumb1_case_sqi.o)
 .ARM.attributes
                0x00000384       0x1e c:/program files (x86)/cypress/psoc creator/3.0/psoc creator/import/gnu_cs/arm/4.7.3/bin/../lib/gcc/arm-none-eabi/4.7.3/armv6-m\libgcc.a(_thumb1_case_uqi.o)
 .ARM.attributes
                0x000003a2       0x1e c:/program files (x86)/cypress/psoc creator/3.0/psoc creator/import/gnu_cs/arm/4.7.3/bin/../lib/gcc/arm-none-eabi/4.7.3/armv6-m\libgcc.a(_udivsi3.o)
 .ARM.attributes
                0x000003c0       0x1e c:/program files (x86)/cypress/psoc creator/3.0/psoc creator/import/gnu_cs/arm/4.7.3/bin/../lib/gcc/arm-none-eabi/4.7.3/armv6-m\libgcc.a(_dvmd_tls.o)
 .ARM.attributes
                0x000003de       0x2c c:/program files (x86)/cypress/psoc creator/3.0/psoc creator/import/gnu_cs/arm/4.7.3/bin/../lib/gcc/arm-none-eabi/4.7.3/../../../../arm-none-eabi/lib/armv6-m\libc_s.a(lib_a-__atexit2.o)
 .ARM.attributes
                0x0000040a       0x2c c:/program files (x86)/cypress/psoc creator/3.0/psoc creator/import/gnu_cs/arm/4.7.3/bin/../lib/gcc/arm-none-eabi/4.7.3/../../../../arm-none-eabi/lib/armv6-m\libc_s.a(lib_a-exit.o)
 .ARM.attributes
                0x00000436       0x2c c:/program files (x86)/cypress/psoc creator/3.0/psoc creator/import/gnu_cs/arm/4.7.3/bin/../lib/gcc/arm-none-eabi/4.7.3/../../../../arm-none-eabi/lib/armv6-m\libc_s.a(lib_a-fini.o)
 .ARM.attributes
                0x00000462       0x2c c:/program files (x86)/cypress/psoc creator/3.0/psoc creator/import/gnu_cs/arm/4.7.3/bin/../lib/gcc/arm-none-eabi/4.7.3/../../../../arm-none-eabi/lib/armv6-m\libc_s.a(lib_a-impure.o)
 .ARM.attributes
                0x0000048e       0x2c c:/program files (x86)/cypress/psoc creator/3.0/psoc creator/import/gnu_cs/arm/4.7.3/bin/../lib/gcc/arm-none-eabi/4.7.3/../../../../arm-none-eabi/lib/armv6-m\libc_s.a(lib_a-init.o)
 .ARM.attributes
                0x000004ba       0x2c c:/program files (x86)/cypress/psoc creator/3.0/psoc creator/import/gnu_cs/arm/4.7.3/bin/../lib/gcc/arm-none-eabi/4.7.3/../../../../arm-none-eabi/lib/armv6-m\libc_s.a(lib_a-memcpy.o)
 .ARM.attributes
                0x000004e6       0x2c c:/program files (x86)/cypress/psoc creator/3.0/psoc creator/import/gnu_cs/arm/4.7.3/bin/../lib/gcc/arm-none-eabi/4.7.3/../../../../arm-none-eabi/lib/armv6-m\libc_s.a(lib_a-memset.o)
 .ARM.attributes
                0x00000512       0x2c c:/program files (x86)/cypress/psoc creator/3.0/psoc creator/import/gnu_cs/arm/4.7.3/bin/../lib/gcc/arm-none-eabi/4.7.3/armv6-m/crtend.o
 .ARM.attributes
                0x0000053e       0x1e c:/program files (x86)/cypress/psoc creator/3.0/psoc creator/import/gnu_cs/arm/4.7.3/bin/../lib/gcc/arm-none-eabi/4.7.3/armv6-m/crtn.o

/DISCARD/
 *(.note.GNU-stack)
OUTPUT(.\CortexM0\ARM_GCC_473\Debug\UART_Bootloader.elf elf32-littlearm)
